Component: ARM Compiler 5.06 update 7 (build 960) Tool: armlink [4d3601]

==============================================================================

Section Cross References

    system_stm32f4xx.o(.text) refers to system_stm32f4xx.o(.data) for SystemCoreClock
    startup_stm32f40_41xxx.o(RESET) refers to startup_stm32f40_41xxx.o(STACK) for __initial_sp
    startup_stm32f40_41xxx.o(RESET) refers to startup_stm32f40_41xxx.o(.text) for Reset_Handler
    startup_stm32f40_41xxx.o(RESET) refers to stm32f4xx_it.o(.text) for NMI_Handler
    startup_stm32f40_41xxx.o(RESET) refers to port.o(.emb_text) for SVC_Handler
    startup_stm32f40_41xxx.o(RESET) refers to delay.o(.text) for SysTick_Handler
    startup_stm32f40_41xxx.o(RESET) refers to el9800hw.o(.text) for EXTI0_IRQHandler
    startup_stm32f40_41xxx.o(RESET) refers to usart.o(.text) for USART6_IRQHandler
    startup_stm32f40_41xxx.o(.text) refers to system_stm32f4xx.o(.text) for SystemInit
    startup_stm32f40_41xxx.o(.text) refers to entry.o(.ARM.Collect$$$$00000000) for __main
    main.o(.text) refers to printf3.o(i.__0printf$3) for __2printf
    main.o(.text) refers to tasks.o(.text) for vTaskDelay
    main.o(.text) refers to oled.o(.text) for OLED_ShowNum
    main.o(.text) refers to ecatappl.o(.text) for MainLoop
    main.o(.text) refers to port.o(.text) for vPortEnterCritical
    main.o(.text) refers to misc.o(.text) for NVIC_PriorityGroupConfig
    main.o(.text) refers to dma.o(.text) for MYDMA_Config
    main.o(.text) refers to el9800hw.o(.text) for HW_Init
    main.o(.text) refers to delay.o(.text) for delay_init
    main.o(.text) refers to usart.o(.text) for uart_init
    main.o(.text) refers to beep.o(.text) for BEEP_Init
    main.o(.text) refers to main.o(.data) for Adc_CH1
    el9800hw.o(.text) refers to spi1.o(.text) for SPIReadDRegister
    el9800hw.o(.text) refers to stm32f4xx_rcc.o(.text) for RCC_AHB1PeriphClockCmd
    el9800hw.o(.text) refers to stm32f4xx_gpio.o(.text) for GPIO_Init
    el9800hw.o(.text) refers to adc1.o(.text) for Adc_Init
    el9800hw.o(.text) refers to exit.o(.text) for EXTI0_Configuration
    el9800hw.o(.text) refers to timer.o(.text) for TIM_Configuration
    el9800hw.o(.text) refers to ecatappl.o(.text) for PDI_Isr
    el9800hw.o(.text) refers to stm32f4xx_exti.o(.text) for EXTI_ClearITPendingBit
    el9800hw.o(.text) refers to stm32f4xx_tim.o(.text) for TIM_ClearITPendingBit
    el9800hw.o(.text) refers to el9800hw.o(.data) for EscALEvent
    timer.o(.text) refers to stm32f4xx_rcc.o(.text) for RCC_APB1PeriphClockCmd
    timer.o(.text) refers to stm32f4xx_tim.o(.text) for TIM_DeInit
    timer.o(.text) refers to misc.o(.text) for NVIC_PriorityGroupConfig
    exit.o(.text) refers to stm32f4xx_rcc.o(.text) for RCC_AHB1PeriphClockCmd
    exit.o(.text) refers to stm32f4xx_gpio.o(.text) for GPIO_Init
    exit.o(.text) refers to stm32f4xx_syscfg.o(.text) for SYSCFG_EXTILineConfig
    exit.o(.text) refers to stm32f4xx_exti.o(.text) for EXTI_Init
    exit.o(.text) refers to misc.o(.text) for NVIC_PriorityGroupConfig
    beep.o(.text) refers to stm32f4xx_rcc.o(.text) for RCC_AHB1PeriphClockCmd
    beep.o(.text) refers to stm32f4xx_gpio.o(.text) for GPIO_Init
    delay.o(.text) refers to tasks.o(.text) for xTaskGetSchedulerState
    delay.o(.text) refers to port.o(.text) for xPortSysTickHandler
    delay.o(.text) refers to misc.o(.text) for SysTick_CLKSourceConfig
    delay.o(.text) refers to delay.o(.data) for fac_us
    oled.o(.text) refers to oled.o(.bss) for OLED_GRAM
    oled.o(.text) refers to oled.o(.constdata) for asc2_1206
    oled.o(.text) refers to stm32f4xx_rcc.o(.text) for RCC_AHB1PeriphClockCmd
    oled.o(.text) refers to stm32f4xx_gpio.o(.text) for GPIO_Init
    oled.o(.text) refers to delay.o(.text) for delay_ms
    dma.o(.text) refers to stm32f4xx_rcc.o(.text) for RCC_AHB1PeriphClockCmd
    dma.o(.text) refers to stm32f4xx_dma.o(.text) for DMA_DeInit
    usart.o(.text) refers to stm32f4xx_rcc.o(.text) for RCC_AHB1PeriphClockCmd
    usart.o(.text) refers to stm32f4xx_gpio.o(.text) for GPIO_PinAFConfig
    usart.o(.text) refers to stm32f4xx_usart.o(.text) for USART_Init
    usart.o(.text) refers to misc.o(.text) for NVIC_Init
    usart.o(.text) refers to usart.o(.data) for USART_RX_STA
    usart.o(.text) refers to usart.o(.bss) for USART_RX_BUF
    spi1.o(.text) refers to stm32f4xx_spi.o(.text) for SPI_I2S_DeInit
    spi1.o(.text) refers to stm32f4xx_rcc.o(.text) for RCC_APB2PeriphClockCmd
    spi1.o(.text) refers to stm32f4xx_gpio.o(.text) for GPIO_DeInit
    spi1.o(.text) refers to memcpya.o(.text) for __aeabi_memcpy
    adc1.o(.text) refers to stm32f4xx_rcc.o(.text) for RCC_AHB1PeriphClockCmd
    adc1.o(.text) refers to stm32f4xx_gpio.o(.text) for GPIO_Init
    adc1.o(.text) refers to stm32f4xx_adc.o(.text) for ADC_CommonInit
    adc1.o(.text) refers to delay.o(.text) for delay_ms
[...]
    TIM7_IRQHandler                          0x08000483   Thumb Code     0  startup_stm32f40_41xxx.o(.text)
    TIM8_BRK_TIM12_IRQHandler                0x08000483   Thumb Code     0  startup_stm32f40_41xxx.o(.text)
    TIM8_CC_IRQHandler                       0x08000483   Thumb Code     0  startup_stm32f40_41xxx.o(.text)
    TIM8_TRG_COM_TIM14_IRQHandler            0x08000483   Thumb Code     0  startup_stm32f40_41xxx.o(.text)
    TIM8_UP_TIM13_IRQHandler                 0x08000483   Thumb Code     0  startup_stm32f40_41xxx.o(.text)
    UART4_IRQHandler                         0x08000483   Thumb Code     0  startup_stm32f40_41xxx.o(.text)
    UART5_IRQHandler                         0x08000483   Thumb Code     0  startup_stm32f40_41xxx.o(.text)
    USART1_IRQHandler                        0x08000483   Thumb Code     0  startup_stm32f40_41xxx.o(.text)
    USART2_IRQHandler                        0x08000483   Thumb Code     0  startup_stm32f40_41xxx.o(.text)
    USART3_IRQHandler                        0x08000483   Thumb Code     0  startup_stm32f40_41xxx.o(.text)
    WWDG_IRQHandler                          0x08000483   Thumb Code     0  startup_stm32f40_41xxx.o(.text)
    NMI_Handler                              0x0800048d   Thumb Code     2  stm32f4xx_it.o(.text)
    HardFault_Handler                        0x0800048f   Thumb Code     4  stm32f4xx_it.o(.text)
    MemManage_Handler                        0x08000493   Thumb Code     4  stm32f4xx_it.o(.text)
    BusFault_Handler                         0x08000497   Thumb Code     4  stm32f4xx_it.o(.text)
    UsageFault_Handler                       0x0800049b   Thumb Code     4  stm32f4xx_it.o(.text)
    DebugMon_Handler                         0x0800049f   Thumb Code     2  stm32f4xx_it.o(.text)
    USART_task                               0x080004a1   Thumb Code    42  main.o(.text)
    OLED_task                                0x080004cb   Thumb Code   130  main.o(.text)
    EtherCAT_task                            0x0800054d   Thumb Code    76  main.o(.text)
    start_task                               0x08000599   Thumb Code    88  main.o(.text)
    main                                     0x080005f1   Thumb Code   150  main.o(.text)
    HW_EscReadIsr                            0x08000759   Thumb Code   102  el9800hw.o(.text)
    GPIO_Config                              0x080007e3   Thumb Code   118  el9800hw.o(.text)
    HW_EscWrite                              0x08000859   Thumb Code   106  el9800hw.o(.text)
    HW_EscRead                               0x080008c3   Thumb Code   106  el9800hw.o(.text)
    HW_Init                                  0x0800092d   Thumb Code   148  el9800hw.o(.text)
    HW_Release                               0x080009c1   Thumb Code     2  el9800hw.o(.text)
    HW_GetALEventRegister                    0x080009c3   Thumb Code    12  el9800hw.o(.text)
    HW_GetALEventRegister_Isr                0x080009cf   Thumb Code    12  el9800hw.o(.text)
    HW_EscWriteIsr                           0x080009db   Thumb Code   102  el9800hw.o(.text)
    EXTI0_IRQHandler                         0x08000a41   Thumb Code    22  el9800hw.o(.text)
    EXTI1_IRQHandler                         0x08000a57   Thumb Code    14  el9800hw.o(.text)
    EXTI2_IRQHandler                         0x08000a65   Thumb Code    36  el9800hw.o(.text)
    TIM2_IRQHandler                          0x08000a89   Thumb Code    16  el9800hw.o(.text)
    TIM_Configuration                        0x08000ac9   Thumb Code   116  timer.o(.text)
    EXTI0_Configuration                      0x08000b3d   Thumb Code   124  exit.o(.text)
    EXTI1_Configuration                      0x08000bb9   Thumb Code   122  exit.o(.text)
    EXTI2_Configuration                      0x08000c33   Thumb Code   124  exit.o(.text)
    BEEP_Init                                0x08000cb5   Thumb Code    60  beep.o(.text)
    SysTick_Handler                          0x08000cf5   Thumb Code    16  delay.o(.text)
    delay_init                               0x08000d05   Thumb Code    58  delay.o(.text)
    delay_us                                 0x08000d3f   Thumb Code    68  delay.o(.text)
    delay_ms                                 0x08000d83   Thumb Code    60  delay.o(.text)
    delay_xms                                0x08000dbf   Thumb Code    24  delay.o(.text)
    OLED_WR_Byte                             0x08000de1   Thumb Code    86  oled.o(.text)
    OLED_Refresh_Gram                        0x08000e37   Thumb Code    70  oled.o(.text)
    OLED_Display_On                          0x08000e7d   Thumb Code    28  oled.o(.text)
    OLED_Display_Off                         0x08000e99   Thumb Code    28  oled.o(.text)
    OLED_Clear                               0x08000eb5   Thumb Code    42  oled.o(.text)
    OLED_DrawPoint                           0x08000edf   Thumb Code   100  oled.o(.text)
    OLED_Fill                                0x08000f43   Thumb Code    58  oled.o(.text)
    OLED_ShowChar                            0x08000f7d   Thumb Code   254  oled.o(.text)
    mypow                                    0x0800107b   Thumb Code    22  oled.o(.text)
    OLED_ShowNum                             0x08001091   Thumb Code   212  oled.o(.text)
    OLED_ShowString                          0x08001165   Thumb Code   120  oled.o(.text)
    OLED_Init                                0x080011dd   Thumb Code   300  oled.o(.text)
    MYDMA_Config                             0x08001315   Thumb Code   132  dma.o(.text)
    MYDMA_Enable                             0x08001399   Thumb Code    44  dma.o(.text)
    _sys_exit                                0x080013c9   Thumb Code     4  usart.o(.text)
    fputc                                    0x080013cd   Thumb Code    24  usart.o(.text)
    uart_init                                0x080013e5   Thumb Code   162  usart.o(.text)
    USART6_IRQHandler                        0x08001487   Thumb Code   122  usart.o(.text)
    SPI1_Init                                0x08001511   Thumb Code    82  spi1.o(.text)
    SPI1_GPIO_Init                           0x08001563   Thumb Code   226  spi1.o(.text)
    WR_CMD                                   0x08001645   Thumb Code    28  spi1.o(.text)
    SPIWrite                                 0x08001661   Thumb Code    12  spi1.o(.text)
    SPIRead                                  0x0800166d   Thumb Code    14  spi1.o(.text)
    SPIReadDWord                             0x0800167b   Thumb Code    86  spi1.o(.text)
    SPISendAddr                              0x080016d1   Thumb Code    24  spi1.o(.text)
    SPIReadBurstMode                         0x080016e9   Thumb Code    38  spi1.o(.text)
    SPIWriteBurstMode                        0x0800170f   Thumb Code    40  spi1.o(.text)
    SPIWriteDWord                            0x08001737   Thumb Code    82  spi1.o(.text)
    SPIReadRegUsingCSR                       0x08001789   Thumb Code   106  spi1.o(.text)
    SPIWriteRegUsingCSR                      0x080017f3   Thumb Code   106  spi1.o(.text)
    SPIReadPDRamRegister                     0x0800185d   Thumb Code   284  spi1.o(.text)
    SPIWritePDRamRegister                    0x08001979   Thumb Code   274  spi1.o(.text)
    SPIReadDRegister                         0x08001a8b   Thumb Code    38  spi1.o(.text)
    SPIWriteRegister                         0x08001ab1   Thumb Code    38  spi1.o(.text)
    Adc_Init                                 0x08001add   Thumb Code   246  adc1.o(.text)
    Get_Adc                                  0x08001bd3   Thumb Code    44  adc1.o(.text)
    Get_Adc_Average                          0x08001bff   Thumb Code    46  adc1.o(.text)
    APPL_AckErrorInd                         0x08001c41   Thumb Code     2  el9800appl.o(.text)
    APPL_StartMailboxHandler                 0x08001c43   Thumb Code     4  el9800appl.o(.text)
    APPL_StopMailboxHandler                  0x08001c47   Thumb Code     4  el9800appl.o(.text)
    APPL_StartInputHandler                   0x08001c4b   Thumb Code     6  el9800appl.o(.text)
    APPL_StopInputHandler                    0x08001c51   Thumb Code     4  el9800appl.o(.text)
    APPL_StartOutputHandler                  0x08001c55   Thumb Code     4  el9800appl.o(.text)
    APPL_StopOutputHandler                   0x08001c59   Thumb Code   186  el9800appl.o(.text)
    APPL_GenerateMapping                     0x08001d13   Thumb Code   234  el9800appl.o(.text)
    APPL_InputMapping                        0x08001dfd   Thumb Code    78  el9800appl.o(.text)
    APPL_OutputMapping                       0x08001e4b   Thumb Code    54  el9800appl.o(.text)
    APPL_Application                         0x08001e81   Thumb Code   320  el9800appl.o(.text)
    ReadObject0x1802                         0x08001fc1   Thumb Code    98  el9800appl.o(.text)
    COE_GetObjectDictionary                  0x0800205d   Thumb Code     6  coeappl.o(.text)
    COE_RemoveDicEntry                       0x08002063   Thumb Code    62  coeappl.o(.text)
    COE_ClearObjDictionary                   0x080020a1   Thumb Code    32  coeappl.o(.text)
    COE_AddObjectToDic                       0x080020c1   Thumb Code   140  coeappl.o(.text)
    AddObjectsToObjDictionary                0x0800214d   Thumb Code    40  coeappl.o(.text)
    COE_ObjDictionaryInit                    0x08002175   Thumb Code    36  coeappl.o(.text)
    COE_ObjInit                              0x08002199   Thumb Code   132  coeappl.o(.text)
    COE_Main                                 0x0800221d   Thumb Code   154  coeappl.o(.text)
    PDO_InputMapping                         0x080022f5   Thumb Code    24  ecatappl.o(.text)
    PDO_OutputMapping                        0x0800230d   Thumb Code    24  ecatappl.o(.text)
    ECAT_CheckTimer                          0x08002325   Thumb Code    52  ecatappl.o(.text)
    HandleBusCycleCalculation                0x08002359   Thumb Code   140  ecatappl.o(.text)
    ECAT_Application                         0x080023e5   Thumb Code     8  ecatappl.o(.text)
    PDI_Isr                                  0x080023ed   Thumb Code   240  ecatappl.o(.text)
    Sync0_Isr                                0x080024dd   Thumb Code   246  ecatappl.o(.text)
    Sync1_Isr                                0x080025d3   Thumb Code    40  ecatappl.o(.text)
    MainInit                                 0x080025fb   Thumb Code    36  ecatappl.o(.text)
    MainLoop                                 0x0800261f   Thumb Code   158  ecatappl.o(.text)
    COE_Init                                 0x08002735   Thumb Code    12  ecatcoe.o(.text)
    COE_ServiceInd                           0x08002741   Thumb Code    72  ecatcoe.o(.text)
    COE_ContinueInd                          0x08002789   Thumb Code    64  ecatcoe.o(.text)
    ResetALEventMask                         0x080027d5   Thumb Code    50  ecatslv.o(.text)
    SetALEventMask                           0x08002807   Thumb Code    50  ecatslv.o(.text)
    UpdateEEPROMLoadedState                  0x08002839   Thumb Code    64  ecatslv.o(.text)
    GetSyncMan                               0x08002879   Thumb Code    24  ecatslv.o(.text)
    DisableSyncManChannel                    0x08002891   Thumb Code    52  ecatslv.o(.text)
    EnableSyncManChannel                     0x080028c5   Thumb Code    50  ecatslv.o(.text)
    CheckSmSettings                          0x080028f7   Thumb Code   702  ecatslv.o(.text)
    StartInputHandler                        0x08002bb5   Thumb Code  1596  ecatslv.o(.text)
    StartOutputHandler                       0x080031f1   Thumb Code    36  ecatslv.o(.text)
    StopOutputHandler                        0x08003215   Thumb Code    12  ecatslv.o(.text)
    StopInputHandler                         0x08003221   Thumb Code   126  ecatslv.o(.text)
    BackToInitTransition                     0x0800329f   Thumb Code     8  ecatslv.o(.text)
    SetALStatus                              0x080032a7   Thumb Code    72  ecatslv.o(.text)
    AL_ControlInd                            0x080032ef   Thumb Code  1188  ecatslv.o(.text)
    AL_ControlRes                            0x08003793   Thumb Code   470  ecatslv.o(.text)
    DC_CheckWatchdog                         0x08003969   Thumb Code   304  ecatslv.o(.text)
    CheckIfEcatError                         0x08003a99   Thumb Code   120  ecatslv.o(.text)
    ECAT_StateChange                         0x08003b11   Thumb Code   300  ecatslv.o(.text)
    ECAT_Init                                0x08003c3d   Thumb Code   196  ecatslv.o(.text)
    ECAT_Main                                0x08003d01   Thumb Code   460  ecatslv.o(.text)
    PutInMbxQueue                            0x08003efd   Thumb Code    44  mailbox.o(.text)
    GetOutOfMbxQueue                         0x08003f29   Thumb Code    46  mailbox.o(.text)
    MBX_Init                                 0x08003f57   Thumb Code   136  mailbox.o(.text)
    MBX_StartMailboxHandler                  0x08003fdf   Thumb Code   166  mailbox.o(.text)
    MBX_StopMailboxHandler                   0x08004085   Thumb Code   222  mailbox.o(.text)
    MailboxServiceInd                        0x08004163   Thumb Code    34  mailbox.o(.text)
    MBX_CopyToSendMailbox                    0x08004185   Thumb Code   186  mailbox.o(.text)
    MBX_MailboxSendReq                       0x0800423f   Thumb Code   132  mailbox.o(.text)
    MBX_MailboxWriteInd                      0x080042c3   Thumb Code   202  mailbox.o(.text)
    MBX_MailboxReadInd                       0x0800438d   Thumb Code   140  mailbox.o(.text)
    MBX_MailboxRepeatReq                     0x08004419   Thumb Code    82  mailbox.o(.text)
    MBX_CheckAndCopyMailbox                  0x0800446b   Thumb Code   250  mailbox.o(.text)
    MBX_Main                                 0x08004565   Thumb Code    70  mailbox.o(.text)
    OBJ_GetObjectHandle                      0x080045e5   Thumb Code    32  objdef.o(.text)
    OBJ_GetObjectLength                      0x08004605   Thumb Code   150  objdef.o(.text)
    OBJ_CopyNumberToString                   0x0800469b   Thumb Code    60  objdef.o(.text)
    OBJ_GetEntryDesc                         0x080046d7   Thumb Code    38  objdef.o(.text)
    OBJ_GetNoOfObjects                       0x080046fd   Thumb Code   100  objdef.o(.text)
    OBJ_GetObjectList                        0x08004761   Thumb Code   184  objdef.o(.text)
    OBJ_GetDesc                              0x08004819   Thumb Code   200  objdef.o(.text)
    OBJ_GetObjDesc                           0x080048e1   Thumb Code     8  objdef.o(.text)
    OBJ_GetEntryOffset                       0x080048e9   Thumb Code   262  objdef.o(.text)
    CheckSyncTypeValue                       0x080049ef   Thumb Code   242  objdef.o(.text)
    OBJ_Read                                 0x08004ae1   Thumb Code  1162  objdef.o(.text)
    OBJ_Write                                0x08004f6b   Thumb Code  1208  objdef.o(.text)
    SdoRes                                   0x08005809   Thumb Code   296  sdoserv.o(.text)
    SDOS_SdoInd                              0x08005931   Thumb Code  1104  sdoserv.o(.text)
    SDOS_SdoRes                              0x08005d81   Thumb Code   194  sdoserv.o(.text)
    SDOS_SdoInfoInd                          0x08005e43   Thumb Code   712  sdoserv.o(.text)
    NVIC_PriorityGroupConfig                 0x0800614d   Thumb Code    10  misc.o(.text)
    NVIC_Init                                0x08006157   Thumb Code   106  misc.o(.text)
    NVIC_SetVectorTable                      0x080061c1   Thumb Code    14  misc.o(.text)
    NVIC_SystemLPConfig                      0x080061cf   Thumb Code    34  misc.o(.text)
    SysTick_CLKSourceConfig                  0x080061f1   Thumb Code    40  misc.o(.text)
    ADC_DeInit                               0x0800622d   Thumb Code    22  stm32f4xx_adc.o(.text)
    ADC_Init                                 0x08006243   Thumb Code    74  stm32f4xx_adc.o(.text)
    ADC_StructInit                           0x0800628d   Thumb Code    20  stm32f4xx_adc.o(.text)
    ADC_CommonInit                           0x080062a1   Thumb Code    34  stm32f4xx_adc.o(.text)
    ADC_CommonStructInit                     0x080062c3   Thumb Code    12  stm32f4xx_adc.o(.text)
    ADC_Cmd                                  0x080062cf   Thumb Code    22  stm32f4xx_adc.o(.text)
    ADC_AnalogWatchdogCmd                    0x080062e5   Thumb Code    16  stm32f4xx_adc.o(.text)
    ADC_AnalogWatchdogThresholdsConfig       0x080062f5   Thumb Code     6  stm32f4xx_adc.o(.text)
    ADC_AnalogWatchdogSingleChannelConfig    0x080062fb   Thumb Code    16  stm32f4xx_adc.o(.text)
    ADC_TempSensorVrefintCmd                 0x0800630b   Thumb Code    34  stm32f4xx_adc.o(.text)
    ADC_VBATCmd                              0x0800632d   Thumb Code    34  stm32f4xx_adc.o(.text)
    ADC_RegularChannelConfig                 0x0800634f   Thumb Code   184  stm32f4xx_adc.o(.text)
    ADC_SoftwareStartConv                    0x08006407   Thumb Code    10  stm32f4xx_adc.o(.text)
    ADC_GetSoftwareStartConvStatus           0x08006411   Thumb Code    20  stm32f4xx_adc.o(.text)
    ADC_EOCOnEachRegularChannelCmd           0x08006425   Thumb Code    22  stm32f4xx_adc.o(.text)
    ADC_ContinuousModeCmd                    0x0800643b   Thumb Code    22  stm32f4xx_adc.o(.text)
    ADC_DiscModeChannelCountConfig           0x08006451   Thumb Code    24  stm32f4xx_adc.o(.text)
    ADC_DiscModeCmd                          0x08006469   Thumb Code    22  stm32f4xx_adc.o(.text)
    ADC_GetConversionValue                   0x0800647f   Thumb Code     8  stm32f4xx_adc.o(.text)
    ADC_GetMultiModeConversionValue          0x08006487   Thumb Code     8  stm32f4xx_adc.o(.text)
    ADC_DMACmd                               0x0800648f   Thumb Code    22  stm32f4xx_adc.o(.text)
    ADC_DMARequestAfterLastTransferCmd       0x080064a5   Thumb Code    22  stm32f4xx_adc.o(.text)
    ADC_MultiModeDMARequestAfterLastTransferCmd 0x080064bb   Thumb Code    34  stm32f4xx_adc.o(.text)
    ADC_InjectedChannelConfig                0x080064dd   Thumb Code   130  stm32f4xx_adc.o(.text)
    ADC_InjectedSequencerLengthConfig        0x0800655f   Thumb Code    24  stm32f4xx_adc.o(.text)
    ADC_SetInjectedOffset                    0x08006577   Thumb Code    20  stm32f4xx_adc.o(.text)
    ADC_ExternalTrigInjectedConvConfig       0x0800658b   Thumb Code    16  stm32f4xx_adc.o(.text)
    ADC_ExternalTrigInjectedConvEdgeConfig   0x0800659b   Thumb Code    16  stm32f4xx_adc.o(.text)
    ADC_SoftwareStartInjectedConv            0x080065ab   Thumb Code    10  stm32f4xx_adc.o(.text)
    ADC_GetSoftwareStartInjectedConvCmdStatus 0x080065b5   Thumb Code    20  stm32f4xx_adc.o(.text)
    ADC_AutoInjectedConvCmd                  0x080065c9   Thumb Code    22  stm32f4xx_adc.o(.text)
    ADC_InjectedDiscModeCmd                  0x080065df   Thumb Code    22  stm32f4xx_adc.o(.text)
    ADC_GetInjectedConversionValue           0x080065f5   Thumb Code    28  stm32f4xx_adc.o(.text)
    ADC_ITConfig                             0x08006611   Thumb Code    56  stm32f4xx_adc.o(.text)
    ADC_GetFlagStatus                        0x08006649   Thumb Code    18  stm32f4xx_adc.o(.text)
    ADC_ClearFlag                            0x0800665b   Thumb Code     6  stm32f4xx_adc.o(.text)
    ADC_GetITStatus                          0x08006661   Thumb Code    38  stm32f4xx_adc.o(.text)
    ADC_ClearITPendingBit                    0x08006687   Thumb Code    10  stm32f4xx_adc.o(.text)
    DMA_DeInit                               0x08006691   Thumb Code   324  stm32f4xx_dma.o(.text)
    DMA_Init                                 0x080067d5   Thumb Code    82  stm32f4xx_dma.o(.text)
    DMA_StructInit                           0x08006827   Thumb Code    34  stm32f4xx_dma.o(.text)
    DMA_Cmd                                  0x08006849   Thumb Code    22  stm32f4xx_dma.o(.text)
    DMA_PeriphIncOffsetSizeConfig            0x0800685f   Thumb Code    22  stm32f4xx_dma.o(.text)
    DMA_FlowControllerConfig                 0x08006875   Thumb Code    22  stm32f4xx_dma.o(.text)
    DMA_SetCurrDataCounter                   0x0800688b   Thumb Code     4  stm32f4xx_dma.o(.text)
    DMA_GetCurrDataCounter                   0x0800688f   Thumb Code     8  stm32f4xx_dma.o(.text)
    DMA_DoubleBufferModeConfig               0x08006897   Thumb Code    24  stm32f4xx_dma.o(.text)
    DMA_DoubleBufferModeCmd                  0x080068af   Thumb Code    22  stm32f4xx_dma.o(.text)
    DMA_MemoryTargetConfig                   0x080068c5   Thumb Code    10  stm32f4xx_dma.o(.text)
    DMA_GetCurrentMemoryTarget               0x080068cf   Thumb Code    20  stm32f4xx_dma.o(.text)
    DMA_GetCmdStatus                         0x080068e3   Thumb Code    20  stm32f4xx_dma.o(.text)
    DMA_GetFIFOStatus                        0x080068f7   Thumb Code    12  stm32f4xx_dma.o(.text)
    DMA_GetFlagStatus                        0x08006903   Thumb Code    56  stm32f4xx_dma.o(.text)
    DMA_ClearFlag                            0x0800693b   Thumb Code    40  stm32f4xx_dma.o(.text)
    DMA_ITConfig                             0x08006963   Thumb Code    58  stm32f4xx_dma.o(.text)
    DMA_GetITStatus                          0x0800699d   Thumb Code    84  stm32f4xx_dma.o(.text)
    DMA_ClearITPendingBit                    0x080069f1   Thumb Code    40  stm32f4xx_dma.o(.text)
    EXTI_DeInit                              0x08006a39   Thumb Code    28  stm32f4xx_exti.o(.text)
    EXTI_Init                                0x08006a55   Thumb Code   142  stm32f4xx_exti.o(.text)
    EXTI_StructInit                          0x08006ae3   Thumb Code    16  stm32f4xx_exti.o(.text)
    EXTI_GenerateSWInterrupt                 0x08006af3   Thumb Code    16  stm32f4xx_exti.o(.text)
    EXTI_GetFlagStatus                       0x08006b03   Thumb Code    22  stm32f4xx_exti.o(.text)
    EXTI_ClearFlag                           0x08006b19   Thumb Code     8  stm32f4xx_exti.o(.text)
    EXTI_GetITStatus                         0x08006b21   Thumb Code    22  stm32f4xx_exti.o(.text)
    EXTI_ClearITPendingBit                   0x08006b37   Thumb Code     8  stm32f4xx_exti.o(.text)
    GPIO_DeInit                              0x08006b49   Thumb Code   268  stm32f4xx_gpio.o(.text)
    GPIO_Init                                0x08006c55   Thumb Code   144  stm32f4xx_gpio.o(.text)
    GPIO_StructInit                          0x08006ce5   Thumb Code    18  stm32f4xx_gpio.o(.text)
    GPIO_PinLockConfig                       0x08006cf7   Thumb Code    34  stm32f4xx_gpio.o(.text)
    GPIO_ReadInputDataBit                    0x08006d19   Thumb Code    18  stm32f4xx_gpio.o(.text)
    GPIO_ReadInputData                       0x08006d2b   Thumb Code     8  stm32f4xx_gpio.o(.text)
    GPIO_ReadOutputDataBit                   0x08006d33   Thumb Code    18  stm32f4xx_gpio.o(.text)
    GPIO_ReadOutputData                      0x08006d45   Thumb Code     8  stm32f4xx_gpio.o(.text)
    GPIO_SetBits                             0x08006d4d   Thumb Code     4  stm32f4xx_gpio.o(.text)
    GPIO_ResetBits                           0x08006d51   Thumb Code     4  stm32f4xx_gpio.o(.text)
    GPIO_WriteBit                            0x08006d55   Thumb Code    10  stm32f4xx_gpio.o(.text)
    GPIO_Write                               0x08006d5f   Thumb Code     4  stm32f4xx_gpio.o(.text)
    GPIO_ToggleBits                          0x08006d63   Thumb Code     8  stm32f4xx_gpio.o(.text)
    GPIO_PinAFConfig                         0x08006d6b   Thumb Code    70  stm32f4xx_gpio.o(.text)
    RCC_DeInit                               0x08006ddd   Thumb Code    82  stm32f4xx_rcc.o(.text)
    RCC_HSEConfig                            0x08006e2f   Thumb Code    14  stm32f4xx_rcc.o(.text)
    RCC_GetFlagStatus                        0x08006e3d   Thumb Code    60  stm32f4xx_rcc.o(.text)
    RCC_WaitForHSEStartUp                    0x08006e79   Thumb Code    56  stm32f4xx_rcc.o(.text)
    RCC_AdjustHSICalibrationValue            0x08006eb1   Thumb Code    20  stm32f4xx_rcc.o(.text)
    RCC_HSICmd                               0x08006ec5   Thumb Code     6  stm32f4xx_rcc.o(.text)
    RCC_LSEConfig                            0x08006ecb   Thumb Code    46  stm32f4xx_rcc.o(.text)
    RCC_LSICmd                               0x08006ef9   Thumb Code     6  stm32f4xx_rcc.o(.text)
    RCC_PLLConfig                            0x08006eff   Thumb Code    32  stm32f4xx_rcc.o(.text)
    RCC_PLLCmd                               0x08006f1f   Thumb Code     6  stm32f4xx_rcc.o(.text)
    RCC_PLLI2SConfig                         0x08006f25   Thumb Code    14  stm32f4xx_rcc.o(.text)
    RCC_PLLI2SCmd                            0x08006f33   Thumb Code     6  stm32f4xx_rcc.o(.text)
    RCC_PLLSAIConfig                         0x08006f39   Thumb Code    20  stm32f4xx_rcc.o(.text)
    RCC_PLLSAICmd                            0x08006f4d   Thumb Code     6  stm32f4xx_rcc.o(.text)
    RCC_ClockSecuritySystemCmd               0x08006f53   Thumb Code     6  stm32f4xx_rcc.o(.text)
    RCC_MCO1Config                           0x08006f59   Thumb Code    28  stm32f4xx_rcc.o(.text)
    RCC_MCO2Config                           0x08006f75   Thumb Code    28  stm32f4xx_rcc.o(.text)
    RCC_SYSCLKConfig                         0x08006f91   Thumb Code    20  stm32f4xx_rcc.o(.text)
    RCC_GetSYSCLKSource                      0x08006fa5   Thumb Code    12  stm32f4xx_rcc.o(.text)
    RCC_HCLKConfig                           0x08006fb1   Thumb Code    20  stm32f4xx_rcc.o(.text)
    RCC_PCLK1Config                          0x08006fc5   Thumb Code    20  stm32f4xx_rcc.o(.text)
    RCC_PCLK2Config                          0x08006fd9   Thumb Code    22  stm32f4xx_rcc.o(.text)
    RCC_GetClocksFreq                        0x08006fef   Thumb Code   222  stm32f4xx_rcc.o(.text)
    RCC_RTCCLKConfig                         0x080070cd   Thumb Code    54  stm32f4xx_rcc.o(.text)
    RCC_RTCCLKCmd                            0x08007103   Thumb Code     8  stm32f4xx_rcc.o(.text)
    RCC_BackupResetCmd                       0x0800710b   Thumb Code     8  stm32f4xx_rcc.o(.text)
    RCC_I2SCLKConfig                         0x08007113   Thumb Code     6  stm32f4xx_rcc.o(.text)
    RCC_SAIBlockACLKConfig                   0x08007119   Thumb Code    20  stm32f4xx_rcc.o(.text)
    RCC_SAIBlockBCLKConfig                   0x0800712d   Thumb Code    20  stm32f4xx_rcc.o(.text)
    RCC_SAIPLLI2SClkDivConfig                0x08007141   Thumb Code    26  stm32f4xx_rcc.o(.text)
    RCC_SAIPLLSAIClkDivConfig                0x0800715b   Thumb Code    28  stm32f4xx_rcc.o(.text)
    RCC_LTDCCLKDivConfig                     0x08007177   Thumb Code    20  stm32f4xx_rcc.o(.text)
    RCC_TIMCLKPresConfig                     0x0800718b   Thumb Code     6  stm32f4xx_rcc.o(.text)
    RCC_AHB1PeriphClockCmd                   0x08007191   Thumb Code    34  stm32f4xx_rcc.o(.text)
    RCC_AHB2PeriphClockCmd                   0x080071b3   Thumb Code    78  stm32f4xx_rcc.o(.text)
    RCC_AHB3PeriphClockCmd                   0x08007201   Thumb Code    34  stm32f4xx_rcc.o(.text)
    RCC_APB1PeriphClockCmd                   0x08007223   Thumb Code    34  stm32f4xx_rcc.o(.text)
    RCC_APB2PeriphClockCmd                   0x08007245   Thumb Code    34  stm32f4xx_rcc.o(.text)
    RCC_AHB1PeriphResetCmd                   0x08007267   Thumb Code    34  stm32f4xx_rcc.o(.text)
    RCC_AHB2PeriphResetCmd                   0x08007289   Thumb Code    34  stm32f4xx_rcc.o(.text)
    RCC_AHB3PeriphResetCmd                   0x080072ab   Thumb Code    34  stm32f4xx_rcc.o(.text)
    RCC_APB1PeriphResetCmd                   0x080072cd   Thumb Code    34  stm32f4xx_rcc.o(.text)
    RCC_APB2PeriphResetCmd                   0x080072ef   Thumb Code    34  stm32f4xx_rcc.o(.text)
    RCC_AHB1PeriphClockLPModeCmd             0x08007311   Thumb Code    34  stm32f4xx_rcc.o(.text)
    RCC_AHB2PeriphClockLPModeCmd             0x08007333   Thumb Code    34  stm32f4xx_rcc.o(.text)
    RCC_AHB3PeriphClockLPModeCmd             0x08007355   Thumb Code    34  stm32f4xx_rcc.o(.text)
    RCC_APB1PeriphClockLPModeCmd             0x08007377   Thumb Code    34  stm32f4xx_rcc.o(.text)
    RCC_APB2PeriphClockLPModeCmd             0x08007399   Thumb Code    34  stm32f4xx_rcc.o(.text)
    RCC_LSEModeConfig                        0x080073bb   Thumb Code    40  stm32f4xx_rcc.o(.text)
    RCC_ITConfig                             0x080073e3   Thumb Code    34  stm32f4xx_rcc.o(.text)
    RCC_ClearFlag                            0x08007405   Thumb Code    18  stm32f4xx_rcc.o(.text)
    RCC_GetITStatus                          0x08007417   Thumb Code    22  stm32f4xx_rcc.o(.text)
    RCC_ClearITPendingBit                    0x0800742d   Thumb Code     8  stm32f4xx_rcc.o(.text)
    SPI_I2S_DeInit                           0x08007439   Thumb Code   152  stm32f4xx_spi.o(.text)
    SPI_Init                                 0x080074d1   Thumb Code    60  stm32f4xx_spi.o(.text)
    I2S_Init                                 0x0800750d   Thumb Code   396  stm32f4xx_spi.o(.text)
    SPI_StructInit                           0x08007699   Thumb Code    24  stm32f4xx_spi.o(.text)
    I2S_StructInit                           0x080076b1   Thumb Code    20  stm32f4xx_spi.o(.text)
    SPI_Cmd                                  0x080076c5   Thumb Code    24  stm32f4xx_spi.o(.text)
    I2S_Cmd                                  0x080076dd   Thumb Code    24  stm32f4xx_spi.o(.text)
    SPI_DataSizeConfig                       0x080076f5   Thumb Code    18  stm32f4xx_spi.o(.text)
    SPI_BiDirectionalLineConfig              0x08007707   Thumb Code    28  stm32f4xx_spi.o(.text)
    SPI_NSSInternalSoftwareConfig            0x08007723   Thumb Code    30  stm32f4xx_spi.o(.text)
    SPI_SSOutputCmd                          0x08007741   Thumb Code    24  stm32f4xx_spi.o(.text)
    SPI_TIModeCmd                            0x08007759   Thumb Code    24  stm32f4xx_spi.o(.text)
    I2S_FullDuplexConfig                     0x08007771   Thumb Code    80  stm32f4xx_spi.o(.text)
    SPI_I2S_ReceiveData                      0x080077c1   Thumb Code     6  stm32f4xx_spi.o(.text)
    SPI_I2S_SendData                         0x080077c7   Thumb Code     4  stm32f4xx_spi.o(.text)
    SPI_CalculateCRC                         0x080077cb   Thumb Code    24  stm32f4xx_spi.o(.text)
    SPI_TransmitCRC                          0x080077e3   Thumb Code    10  stm32f4xx_spi.o(.text)
    SPI_GetCRC                               0x080077ed   Thumb Code    16  stm32f4xx_spi.o(.text)
    SPI_GetCRCPolynomial                     0x080077fd   Thumb Code     6  stm32f4xx_spi.o(.text)
    SPI_I2S_DMACmd                           0x08007803   Thumb Code    18  stm32f4xx_spi.o(.text)
    SPI_I2S_ITConfig                         0x08007815   Thumb Code    68  stm32f4xx_spi.o(.text)
    SPI_I2S_GetFlagStatus                    0x08007859   Thumb Code    18  stm32f4xx_spi.o(.text)
    SPI_I2S_ClearFlag                        0x0800786b   Thumb Code     6  stm32f4xx_spi.o(.text)
    SPI_I2S_GetITStatus                      0x08007871   Thumb Code    52  stm32f4xx_spi.o(.text)
    SPI_I2S_ClearITPendingBit                0x080078a5   Thumb Code    20  stm32f4xx_spi.o(.text)
    SYSCFG_DeInit                            0x080078b9   Thumb Code    22  stm32f4xx_syscfg.o(.text)
    SYSCFG_MemoryRemapConfig                 0x080078cf   Thumb Code     6  stm32f4xx_syscfg.o(.text)
    SYSCFG_MemorySwappingBank                0x080078d5   Thumb Code     6  stm32f4xx_syscfg.o(.text)
    SYSCFG_EXTILineConfig                    0x080078db   Thumb Code    66  stm32f4xx_syscfg.o(.text)
    SYSCFG_ETH_MediaInterfaceConfig          0x0800791d   Thumb Code     8  stm32f4xx_syscfg.o(.text)
    SYSCFG_CompensationCellCmd               0x08007925   Thumb Code     6  stm32f4xx_syscfg.o(.text)
    SYSCFG_GetCompensationCellStatus         0x0800792b   Thumb Code    22  stm32f4xx_syscfg.o(.text)
    TIM_DeInit                               0x0800794d   Thumb Code   346  stm32f4xx_tim.o(.text)
    TIM_TimeBaseInit                         0x08007aa7   Thumb Code   104  stm32f4xx_tim.o(.text)
    TIM_TimeBaseStructInit                   0x08007b0f   Thumb Code    18  stm32f4xx_tim.o(.text)
    TIM_PrescalerConfig                      0x08007b21   Thumb Code     6  stm32f4xx_tim.o(.text)
    TIM_CounterModeConfig                    0x08007b27   Thumb Code    18  stm32f4xx_tim.o(.text)
    TIM_SetCounter                           0x08007b39   Thumb Code     4  stm32f4xx_tim.o(.text)
    TIM_SetAutoreload                        0x08007b3d   Thumb Code     4  stm32f4xx_tim.o(.text)
    TIM_GetCounter                           0x08007b41   Thumb Code     6  stm32f4xx_tim.o(.text)
    TIM_GetPrescaler                         0x08007b47   Thumb Code     6  stm32f4xx_tim.o(.text)
    TIM_UpdateDisableConfig                  0x08007b4d   Thumb Code    24  stm32f4xx_tim.o(.text)
    TIM_UpdateRequestConfig                  0x08007b65   Thumb Code    24  stm32f4xx_tim.o(.text)
    TIM_ARRPreloadConfig                     0x08007b7d   Thumb Code    24  stm32f4xx_tim.o(.text)
    TIM_SelectOnePulseMode                   0x08007b95   Thumb Code    18  stm32f4xx_tim.o(.text)
    TIM_SetClockDivision                     0x08007ba7   Thumb Code    18  stm32f4xx_tim.o(.text)
    TIM_Cmd                                  0x08007bb9   Thumb Code    24  stm32f4xx_tim.o(.text)
    TIM_OC1Init                              0x08007bd1   Thumb Code   114  stm32f4xx_tim.o(.text)
    TIM_OC2Init                              0x08007c43   Thumb Code   154  stm32f4xx_tim.o(.text)
    TIM_OC3Init                              0x08007cdd   Thumb Code   204  stm32f4xx_tim.o(.text)
    TIM_OC4Init                              0x08007da9   Thumb Code   112  stm32f4xx_tim.o(.text)
    TIM_OCStructInit                         0x08007e19   Thumb Code    20  stm32f4xx_tim.o(.text)
    TIM_SelectOCxM                           0x08007e2d   Thumb Code    86  stm32f4xx_tim.o(.text)
    TIM_SetCompare1                          0x08007e83   Thumb Code     4  stm32f4xx_tim.o(.text)
    TIM_SetCompare2                          0x08007e87   Thumb Code     4  stm32f4xx_tim.o(.text)
    TIM_SetCompare3                          0x08007e8b   Thumb Code     4  stm32f4xx_tim.o(.text)
    TIM_SetCompare4                          0x08007e8f   Thumb Code     4  stm32f4xx_tim.o(.text)
    TIM_ForcedOC1Config                      0x08007e93   Thumb Code    18  stm32f4xx_tim.o(.text)
    TIM_ForcedOC2Config                      0x08007ea5   Thumb Code    26  stm32f4xx_tim.o(.text)
    TIM_ForcedOC3Config                      0x08007ebf   Thumb Code    18  stm32f4xx_tim.o(.text)
    TIM_ForcedOC4Config                      0x08007ed1   Thumb Code    26  stm32f4xx_tim.o(.text)
    TIM_OC1PreloadConfig                     0x08007eeb   Thumb Code    18  stm32f4xx_tim.o(.text)
    TIM_OC2PreloadConfig                     0x08007efd   Thumb Code    26  stm32f4xx_tim.o(.text)
    TIM_OC3PreloadConfig                     0x08007f17   Thumb Code    18  stm32f4xx_tim.o(.text)
    TIM_OC4PreloadConfig                     0x08007f29   Thumb Code    26  stm32f4xx_tim.o(.text)
    TIM_OC1FastConfig                        0x08007f43   Thumb Code    18  stm32f4xx_tim.o(.text)
    TIM_OC2FastConfig                        0x08007f55   Thumb Code    26  stm32f4xx_tim.o(.text)
    TIM_OC3FastConfig                        0x08007f6f   Thumb Code    18  stm32f4xx_tim.o(.text)
    TIM_OC4FastConfig                        0x08007f81   Thumb Code    26  stm32f4xx_tim.o(.text)
    TIM_ClearOC1Ref                          0x08007f9b   Thumb Code    18  stm32f4xx_tim.o(.text)
    TIM_ClearOC2Ref                          0x08007fad   Thumb Code    24  stm32f4xx_tim.o(.text)
    TIM_ClearOC3Ref                          0x08007fc5   Thumb Code    18  stm32f4xx_tim.o(.text)
    TIM_ClearOC4Ref                          0x08007fd7   Thumb Code    24  stm32f4xx_tim.o(.text)
    TIM_OC1PolarityConfig                    0x08007fef   Thumb Code    18  stm32f4xx_tim.o(.text)
    TIM_OC1NPolarityConfig                   0x08008001   Thumb Code    18  stm32f4xx_tim.o(.text)
    TIM_OC2PolarityConfig                    0x08008013   Thumb Code    26  stm32f4xx_tim.o(.text)
    TIM_OC2NPolarityConfig                   0x0800802d   Thumb Code    26  stm32f4xx_tim.o(.text)
    TIM_OC3PolarityConfig                    0x08008047   Thumb Code    26  stm32f4xx_tim.o(.text)
    TIM_OC3NPolarityConfig                   0x08008061   Thumb Code    26  stm32f4xx_tim.o(.text)
    TIM_OC4PolarityConfig                    0x0800807b   Thumb Code    26  stm32f4xx_tim.o(.text)
    TIM_CCxCmd                               0x08008095   Thumb Code    30  stm32f4xx_tim.o(.text)
    TIM_CCxNCmd                              0x080080b3   Thumb Code    30  stm32f4xx_tim.o(.text)
    TIM_SetIC4Prescaler                      0x080080d1   Thumb Code    26  stm32f4xx_tim.o(.text)
    TIM_SetIC3Prescaler                      0x0800813b   Thumb Code    18  stm32f4xx_tim.o(.text)
    TIM_SetIC2Prescaler                      0x08008195   Thumb Code    26  stm32f4xx_tim.o(.text)
    TIM_SetIC1Prescaler                      0x08008209   Thumb Code    18  stm32f4xx_tim.o(.text)
    TIM_ICInit                               0x08008255   Thumb Code   110  stm32f4xx_tim.o(.text)
    TIM_ICStructInit                         0x080082c3   Thumb Code    18  stm32f4xx_tim.o(.text)
    TIM_PWMIConfig                           0x080082d5   Thumb Code   124  stm32f4xx_tim.o(.text)
    TIM_GetCapture1                          0x08008351   Thumb Code     6  stm32f4xx_tim.o(.text)
    TIM_GetCapture2                          0x08008357   Thumb Code     6  stm32f4xx_tim.o(.text)
    TIM_GetCapture3                          0x0800835d   Thumb Code     6  stm32f4xx_tim.o(.text)
    TIM_GetCapture4                          0x08008363   Thumb Code     6  stm32f4xx_tim.o(.text)
    TIM_BDTRConfig                           0x08008369   Thumb Code    32  stm32f4xx_tim.o(.text)
    TIM_BDTRStructInit                       0x08008389   Thumb Code    18  stm32f4xx_tim.o(.text)
    TIM_CtrlPWMOutputs                       0x0800839b   Thumb Code    30  stm32f4xx_tim.o(.text)
    TIM_SelectCOM                            0x080083b9   Thumb Code    24  stm32f4xx_tim.o(.text)
    TIM_CCPreloadControl                     0x080083d1   Thumb Code    24  stm32f4xx_tim.o(.text)
    TIM_ITConfig                             0x080083e9   Thumb Code    18  stm32f4xx_tim.o(.text)
    TIM_GenerateEvent                        0x080083fb   Thumb Code     4  stm32f4xx_tim.o(.text)
    TIM_GetFlagStatus                        0x080083ff   Thumb Code    18  stm32f4xx_tim.o(.text)
    TIM_ClearFlag                            0x08008411   Thumb Code     6  stm32f4xx_tim.o(.text)
    TIM_GetITStatus                          0x08008417   Thumb Code    34  stm32f4xx_tim.o(.text)
    TIM_ClearITPendingBit                    0x08008439   Thumb Code     6  stm32f4xx_tim.o(.text)
    TIM_DMAConfig                            0x0800843f   Thumb Code    10  stm32f4xx_tim.o(.text)
    TIM_DMACmd                               0x08008449   Thumb Code    18  stm32f4xx_tim.o(.text)
    TIM_SelectCCDMA                          0x0800845b   Thumb Code    24  stm32f4xx_tim.o(.text)
    TIM_InternalClockConfig                  0x08008473   Thumb Code    12  stm32f4xx_tim.o(.text)
    TIM_SelectInputTrigger                   0x0800847f   Thumb Code    18  stm32f4xx_tim.o(.text)
    TIM_ITRxExternalClockConfig              0x08008491   Thumb Code    24  stm32f4xx_tim.o(.text)
    TIM_TIxExternalClockConfig               0x080084a9   Thumb Code    62  stm32f4xx_tim.o(.text)
    TIM_ETRConfig                            0x080084e7   Thumb Code    28  stm32f4xx_tim.o(.text)
    TIM_ETRClockMode1Config                  0x08008503   Thumb Code    54  stm32f4xx_tim.o(.text)
    TIM_ETRClockMode2Config                  0x08008539   Thumb Code    32  stm32f4xx_tim.o(.text)
    TIM_SelectOutputTrigger                  0x08008559   Thumb Code    18  stm32f4xx_tim.o(.text)
    TIM_SelectSlaveMode                      0x0800856b   Thumb Code    18  stm32f4xx_tim.o(.text)
    TIM_SelectMasterSlaveMode                0x0800857d   Thumb Code    18  stm32f4xx_tim.o(.text)
    TIM_EncoderInterfaceConfig               0x0800858f   Thumb Code    66  stm32f4xx_tim.o(.text)
    TIM_SelectHallSensor                     0x080085d1   Thumb Code    24  stm32f4xx_tim.o(.text)
    TIM_RemapConfig                          0x080085e9   Thumb Code     6  stm32f4xx_tim.o(.text)
    USART_DeInit                             0x080085f1   Thumb Code   206  stm32f4xx_usart.o(.text)
    USART_Init                               0x080086bf   Thumb Code   204  stm32f4xx_usart.o(.text)
    USART_StructInit                         0x0800878b   Thumb Code    24  stm32f4xx_usart.o(.text)
    USART_ClockInit                          0x080087a3   Thumb Code    32  stm32f4xx_usart.o(.text)
    USART_ClockStructInit                    0x080087c3   Thumb Code    12  stm32f4xx_usart.o(.text)
    USART_Cmd                                0x080087cf   Thumb Code    24  stm32f4xx_usart.o(.text)
    USART_SetPrescaler                       0x080087e7   Thumb Code    16  stm32f4xx_usart.o(.text)
    USART_OverSampling8Cmd                   0x080087f7   Thumb Code    22  stm32f4xx_usart.o(.text)
    USART_OneBitMethodCmd                    0x0800880d   Thumb Code    24  stm32f4xx_usart.o(.text)
    USART_SendData                           0x08008825   Thumb Code     8  stm32f4xx_usart.o(.text)
    USART_ReceiveData                        0x0800882d   Thumb Code    10  stm32f4xx_usart.o(.text)
    USART_SetAddress                         0x08008837   Thumb Code    18  stm32f4xx_usart.o(.text)
    USART_ReceiverWakeUpCmd                  0x08008849   Thumb Code    24  stm32f4xx_usart.o(.text)
    USART_WakeUpConfig                       0x08008861   Thumb Code    18  stm32f4xx_usart.o(.text)
    USART_LINBreakDetectLengthConfig         0x08008873   Thumb Code    18  stm32f4xx_usart.o(.text)
    USART_LINCmd                             0x08008885   Thumb Code    24  stm32f4xx_usart.o(.text)
    USART_SendBreak                          0x0800889d   Thumb Code    10  stm32f4xx_usart.o(.text)
    USART_HalfDuplexCmd                      0x080088a7   Thumb Code    24  stm32f4xx_usart.o(.text)
    USART_SetGuardTime                       0x080088bf   Thumb Code    16  stm32f4xx_usart.o(.text)
    USART_SmartCardCmd                       0x080088cf   Thumb Code    24  stm32f4xx_usart.o(.text)
    USART_SmartCardNACKCmd                   0x080088e7   Thumb Code    24  stm32f4xx_usart.o(.text)
    USART_IrDAConfig                         0x080088ff   Thumb Code    18  stm32f4xx_usart.o(.text)
    USART_IrDACmd                            0x08008911   Thumb Code    24  stm32f4xx_usart.o(.text)
    USART_DMACmd                             0x08008929   Thumb Code    18  stm32f4xx_usart.o(.text)
    USART_ITConfig                           0x0800893b   Thumb Code    74  stm32f4xx_usart.o(.text)
    USART_GetFlagStatus                      0x08008985   Thumb Code    26  stm32f4xx_usart.o(.text)
    USART_ClearFlag                          0x0800899f   Thumb Code    18  stm32f4xx_usart.o(.text)
    USART_GetITStatus                        0x080089b1   Thumb Code   118  stm32f4xx_usart.o(.text)
    USART_ClearITPendingBit                  0x08008a27   Thumb Code    30  stm32f4xx_usart.o(.text)
    vListInitialise                          0x08008a45   Thumb Code    26  list.o(.text)
    vListInitialiseItem                      0x08008a5f   Thumb Code     6  list.o(.text)
    vListInsertEnd                           0x08008a65   Thumb Code    24  list.o(.text)
    vListInsert                              0x08008a7d   Thumb Code    52  list.o(.text)
    uxListRemove                             0x08008ab1   Thumb Code    40  list.o(.text)
    xQueueGenericReset                       0x08008ad9   Thumb Code   136  queue.o(.text)
    xQueueGenericCreate                      0x08008b8f   Thumb Code    78  queue.o(.text)
    xQueueGenericSend                        0x08008d85   Thumb Code   456  queue.o(.text)
    xQueueCreateMutex                        0x08008f69   Thumb Code    34  queue.o(.text)
    xQueueGiveMutexRecursive                 0x08008f8b   Thumb Code    66  queue.o(.text)
    xQueueGenericReceive                     0x08009011   Thumb Code   428  queue.o(.text)
    xQueueTakeMutexRecursive                 0x080091bd   Thumb Code    76  queue.o(.text)
    xQueueCreateCountingSemaphore            0x08009209   Thumb Code    80  queue.o(.text)
    xQueueGenericSendFromISR                 0x08009259   Thumb Code   252  queue.o(.text)
    xQueueGiveFromISR                        0x08009355   Thumb Code   228  queue.o(.text)
    xQueueReceiveFromISR                     0x08009439   Thumb Code   190  queue.o(.text)
    xQueuePeekFromISR                        0x080094f7   Thumb Code   158  queue.o(.text)
    uxQueueMessagesWaiting                   0x08009595   Thumb Code    36  queue.o(.text)
    uxQueueSpacesAvailable                   0x080095b9   Thumb Code    42  queue.o(.text)
    uxQueueMessagesWaitingFromISR            0x080095e3   Thumb Code    28  queue.o(.text)
    vQueueUnregisterQueue                    0x080095ff   Thumb Code    44  queue.o(.text)
    vQueueDelete                             0x0800962b   Thumb Code    38  queue.o(.text)
    uxQueueGetQueueNumber                    0x08009651   Thumb Code     6  queue.o(.text)
    vQueueSetQueueNumber                     0x08009657   Thumb Code     4  queue.o(.text)
    ucQueueGetQueueType                      0x0800965b   Thumb Code     8  queue.o(.text)
    xQueueIsQueueEmptyFromISR                0x08009663   Thumb Code    36  queue.o(.text)
    xQueueIsQueueFullFromISR                 0x08009687   Thumb Code    40  queue.o(.text)
    vQueueAddToRegistry                      0x080096af   Thumb Code    38  queue.o(.text)
    pcQueueGetName                           0x080096d5   Thumb Code    38  queue.o(.text)
    vQueueWaitForMessageRestricted           0x080096fb   Thumb Code    74  queue.o(.text)
    xQueueCreateSet                          0x08009745   Thumb Code    20  queue.o(.text)
    xQueueAddToSet                           0x08009759   Thumb Code    38  queue.o(.text)
    xQueueRemoveFromSet                      0x0800977f   Thumb Code    48  queue.o(.text)
    xQueueSelectFromSet                      0x080097af   Thumb Code    26  queue.o(.text)
    xQueueSelectFromSetFromISR               0x080097c9   Thumb Code    22  queue.o(.text)
    xTaskCreate                              0x08009971   Thumb Code    96  tasks.o(.text)
    vTaskDelete                              0x08009a0d   Thumb Code   192  tasks.o(.text)
    xTaskIncrementTick                       0x08009acd   Thumb Code   392  tasks.o(.text)
    xTaskResumeAll                           0x08009c55   Thumb Code   218  tasks.o(.text)
    vTaskSuspendAll                          0x08009dab   Thumb Code    12  tasks.o(.text)
    vTaskDelayUntil                          0x08009db7   Thumb Code   182  tasks.o(.text)
    vTaskDelay                               0x08009e6d   Thumb Code    76  tasks.o(.text)
    eTaskGetState                            0x08009eb9   Thumb Code   106  tasks.o(.text)
    uxTaskPriorityGet                        0x08009f23   Thumb Code    30  tasks.o(.text)
    uxTaskPriorityGetFromISR                 0x08009f41   Thumb Code    62  tasks.o(.text)
    vTaskPrioritySet                         0x08009f7f   Thumb Code   320  tasks.o(.text)
    vTaskSwitchContext                       0x0800a0bf   Thumb Code   114  tasks.o(.text)
    vTaskSuspend                             0x0800a131   Thumb Code   190  tasks.o(.text)
    vTaskResume                              0x0800a23b   Thumb Code   122  tasks.o(.text)
    xTaskResumeFromISR                       0x0800a2b5   Thumb Code   152  tasks.o(.text)
    vTaskStartScheduler                      0x0800a3c3   Thumb Code   112  tasks.o(.text)
    vTaskEndScheduler                        0x0800a433   Thumb Code    32  tasks.o(.text)
    xTaskGetTickCount                        0x0800a453   Thumb Code     6  tasks.o(.text)
    xTaskGetTickCountFromISR                 0x0800a459   Thumb Code    16  tasks.o(.text)
    uxTaskGetNumberOfTasks                   0x0800a469   Thumb Code     6  tasks.o(.text)
    pcTaskGetName                            0x0800a46f   Thumb Code   114  tasks.o(.text)
    vTaskGetInfo                             0x0800a4f7   Thumb Code   114  tasks.o(.text)
    uxTaskGetSystemState                     0x0800a5d3   Thumb Code   152  tasks.o(.text)
    vTaskPlaceOnEventList                    0x0800a66b   Thumb Code    46  tasks.o(.text)
    vTaskPlaceOnUnorderedEventList           0x0800a699   Thumb Code    88  tasks.o(.text)
    vTaskPlaceOnEventListRestricted          0x0800a6f1   Thumb Code    54  tasks.o(.text)
    xTaskRemoveFromEventList                 0x0800a727   Thumb Code   122  tasks.o(.text)
    xTaskRemoveFromUnorderedEventList        0x0800a7a1   Thumb Code   142  tasks.o(.text)
    vTaskSetTimeOutState                     0x0800a82f   Thumb Code    36  tasks.o(.text)
    xTaskCheckForTimeOut                     0x0800a853   Thumb Code   124  tasks.o(.text)
    vTaskMissedYield                         0x0800a8cf   Thumb Code     8  tasks.o(.text)
    uxTaskGetTaskNumber                      0x0800a8d7   Thumb Code    66  tasks.o(.text)
    vTaskSetTaskNumber                       0x0800a919   Thumb Code     8  tasks.o(.text)
    xTaskGetCurrentTaskHandle                0x0800a921   Thumb Code     6  tasks.o(.text)
    xTaskGetSchedulerState                   0x0800a927   Thumb Code    24  tasks.o(.text)
    vTaskPriorityInherit                     0x0800a93f   Thumb Code   164  tasks.o(.text)
    xTaskPriorityDisinherit                  0x0800a9e3   Thumb Code   176  tasks.o(.text)
    vTaskList                                0x0800aabd   Thumb Code   204  tasks.o(.text)
    uxTaskResetEventItemValue                0x0800ab89   Thumb Code    24  tasks.o(.text)
    pvTaskIncrementMutexHeldCount            0x0800aba1   Thumb Code    26  tasks.o(.text)
    ulTaskNotifyTake                         0x0800abbb   Thumb Code   108  tasks.o(.text)
    xTaskNotifyWait                          0x0800ac27   Thumb Code   150  tasks.o(.text)
    xTaskGenericNotify                       0x0800acbd   Thumb Code   276  tasks.o(.text)
    xTaskGenericNotifyFromISR                0x0800add1   Thumb Code   282  tasks.o(.text)
    vTaskNotifyGiveFromISR                   0x0800aeeb   Thumb Code   200  tasks.o(.text)
    xTaskNotifyStateClear                    0x0800afb3   Thumb Code    48  tasks.o(.text)
    xTimerGenericCommand                     0x0800b055   Thumb Code   118  timers.o(.text)
    xTimerCreateTimerTask                    0x0800b3bd   Thumb Code    56  timers.o(.text)
    xTimerCreate                             0x0800b49b   Thumb Code    48  timers.o(.text)
    xTimerGetTimerDaemonTaskHandle           0x0800b4cb   Thumb Code    38  timers.o(.text)
    xTimerGetPeriod                          0x0800b4f1   Thumb Code    28  timers.o(.text)
    xTimerGetExpiryTime                      0x0800b50d   Thumb Code    30  timers.o(.text)
    pcTimerGetName                           0x0800b52b   Thumb Code    28  timers.o(.text)
    xTimerIsTimerActive                      0x0800b547   Thumb Code    50  timers.o(.text)
    pvTimerGetTimerID                        0x0800b579   Thumb Code    38  timers.o(.text)
    vTimerSetTimerID                         0x0800b59f   Thumb Code    38  timers.o(.text)
    xTimerPendFunctionCallFromISR            0x0800b5c5   Thumb Code    48  timers.o(.text)
    xTimerPendFunctionCall                   0x0800b5f5   Thumb Code    70  timers.o(.text)
    pxPortInitialiseStack                    0x0800b677   Thumb Code    38  port.o(.text)
    vPortSetupTimerInterrupt                 0x0800b69d   Thumb Code    26  port.o(.text)
    xPortStartScheduler                      0x0800b6b7   Thumb Code   258  port.o(.text)
    vPortEndScheduler                        0x0800b7b9   Thumb Code    34  port.o(.text)
    vPortEnterCritical                       0x0800b7db   Thumb Code    70  port.o(.text)
    vPortExitCritical                        0x0800b821   Thumb Code    48  port.o(.text)
    xPortSysTickHandler                      0x0800b851   Thumb Code    48  port.o(.text)
    vPortValidateInterruptPriority           0x0800b881   Thumb Code    88  port.o(.text)
    pvPortMalloc                             0x0800b9fb   Thumb Code   262  heap_4.o(.text)
    vPortFree                                0x0800bb01   Thumb Code   120  heap_4.o(.text)
    xPortGetFreeHeapSize                     0x0800bb79   Thumb Code     6  heap_4.o(.text)
    xPortGetMinimumEverFreeHeapSize          0x0800bb7f   Thumb Code     6  heap_4.o(.text)
    vPortInitialiseBlocks                    0x0800bb85   Thumb Code     2  heap_4.o(.text)
    __aeabi_memcpy                           0x0800bbd9   Thumb Code    36  memcpya.o(.text)
    __aeabi_memcpy4                          0x0800bbd9   Thumb Code     0  memcpya.o(.text)
    __aeabi_memcpy8                          0x0800bbd9   Thumb Code     0  memcpya.o(.text)
    __aeabi_memset                           0x0800bbfd   Thumb Code    14  memseta.o(.text)
    __aeabi_memset4                          0x0800bbfd   Thumb Code     0  memseta.o(.text)
    __aeabi_memset8                          0x0800bbfd   Thumb Code     0  memseta.o(.text)
    __aeabi_memclr                           0x0800bc0b   Thumb Code     4  memseta.o(.text)
    __aeabi_memclr4                          0x0800bc0b   Thumb Code     0  memseta.o(.text)
    __aeabi_memclr8                          0x0800bc0b   Thumb Code     0  memseta.o(.text)
    _memset$wrapper                          0x0800bc0f   Thumb Code    18  memseta.o(.text)
    strlen                                   0x0800bc21   Thumb Code    14  strlen.o(.text)
    strcpy                                   0x0800bc2f   Thumb Code    18  strcpy.o(.text)
    __aeabi_uidiv                            0x0800bc41   Thumb Code     0  uidiv.o(.text)
    __aeabi_uidivmod                         0x0800bc41   Thumb Code    44  uidiv.o(.text)
    __scatterload                            0x0800bc6d   Thumb Code    28  init.o(.text)
    __scatterload_rt2                        0x0800bc6d   Thumb Code     0  init.o(.text)
    __decompress                             0x0800bc91   Thumb Code     0  __dczerorl2.o(.text)
    __decompress1                            0x0800bc91   Thumb Code    86  __dczerorl2.o(.text)
    __0printf$3                              0x0800bce9   Thumb Code    22  printf3.o(i.__0printf$3)
    __1printf$3                              0x0800bce9   Thumb Code     0  printf3.o(i.__0printf$3)
    __2printf                                0x0800bce9   Thumb Code     0  printf3.o(i.__0printf$3)
    __0sprintf$3                             0x0800bd09   Thumb Code    34  printf3.o(i.__0sprintf$3)
    __1sprintf$3                             0x0800bd09   Thumb Code     0  printf3.o(i.__0sprintf$3)
    __2sprintf                               0x0800bd09   Thumb Code     0  printf3.o(i.__0sprintf$3)
    __scatterload_copy                       0x0800bd31   Thumb Code    14  handlers.o(i.__scatterload_copy)
    __scatterload_null                       0x0800bd3f   Thumb Code     2  handlers.o(i.__scatterload_null)
    __scatterload_zeroinit                   0x0800bd41   Thumb Code    14  handlers.o(i.__scatterload_zeroinit)
    free                                     0x0800bf15   Thumb Code    76  malloc.o(i.free)
    malloc                                   0x0800bf65   Thumb Code    92  malloc.o(i.malloc)
    asc2_1206                                0x0800bfd0   Data        1140  oled.o(.constdata)
    asc2_1608                                0x0800c444   Data        1520  oled.o(.constdata)
    asc2_2412                                0x0800ca34   Data        3420  oled.o(.constdata)
    asPDOAssignEntryDesc                     0x0800d790   Data          12  coeappl.o(.constdata)
    asEntryDesc0x0800                        0x0800d79c   Data          18  coeappl.o(.constdata)
    asEntryDesc0x1601                        0x0800d7ae   Data          60  coeappl.o(.constdata)
    aName0x1601                              0x0800d7ea   Data          15  coeappl.o(.constdata)
    asEntryDesc0x1802                        0x0800d7fa   Data          60  coeappl.o(.constdata)
    aName0x1802                              0x0800d836   Data          63  coeappl.o(.constdata)
    asEntryDesc0x1A00                        0x0800d876   Data          60  coeappl.o(.constdata)
    aName0x1A00                              0x0800d8b2   Data          15  coeappl.o(.constdata)
    asEntryDesc0x1A02                        0x0800d8c2   Data          18  coeappl.o(.constdata)
    aName0x1A02                              0x0800d8d4   Data          15  coeappl.o(.constdata)
    aName0x1C12                              0x0800d8e3   Data          13  coeappl.o(.constdata)
    aName0x1C13                              0x0800d8f0   Data          13  coeappl.o(.constdata)
    asEntryDesc0x6000                        0x0800d8fe   Data          60  coeappl.o(.constdata)
    aName0x6000                              0x0800d93a   Data          85  coeappl.o(.constdata)
    asEntryDesc0x6020                        0x0800d990   Data         114  coeappl.o(.constdata)
    aName0x6020                              0x0800da02   Data         106  coeappl.o(.constdata)
    asEntryDesc0x7010                        0x0800da6c   Data          60  coeappl.o(.constdata)
    aName0x7010                              0x0800daa8   Data          62  coeappl.o(.constdata)
    asEntryDesc0x8020                        0x0800dae6   Data         126  coeappl.o(.constdata)
    aName0x8020                              0x0800db64   Data         115  coeappl.o(.constdata)
    asEntryDesc0xF000                        0x0800dbd8   Data          18  coeappl.o(.constdata)
    aName0xF000                              0x0800dbea   Data          73  coeappl.o(.constdata)
    asEntryDesc0xF010                        0x0800dc34   Data          24  coeappl.o(.constdata)
    aName0xF010                              0x0800dc4c   Data          20  coeappl.o(.constdata)
    sEntryDesc0x1000                         0x0800dc60   Data           6  coeappl.o(.constdata)
    aName0x1000                              0x0800dc66   Data          12  coeappl.o(.constdata)
    sEntryDesc0x1001                         0x0800dc72   Data           6  coeappl.o(.constdata)
    aName0x1001                              0x0800dc78   Data          15  coeappl.o(.constdata)
    sEntryDesc0x1008                         0x0800dc88   Data           6  coeappl.o(.constdata)
    aName0x1008                              0x0800dc8e   Data          12  coeappl.o(.constdata)
    sEntryDesc0x1009                         0x0800dc9a   Data           6  coeappl.o(.constdata)
    aName0x1009                              0x0800dca0   Data          17  coeappl.o(.constdata)
    sEntryDesc0x100A                         0x0800dcb2   Data           6  coeappl.o(.constdata)
    aName0x100A                              0x0800dcb8   Data          17  coeappl.o(.constdata)
    asEntryDesc0x1018                        0x0800dcca   Data          30  coeappl.o(.constdata)
    aName0x1018                              0x0800dce8   Data          57  coeappl.o(.constdata)
    asEntryDesc0x10F1                        0x0800dd22   Data          18  coeappl.o(.constdata)
    aName0x10F1                              0x0800dd34   Data          63  coeappl.o(.constdata)
    asEntryDesc0x1C00                        0x0800dd74   Data          12  coeappl.o(.constdata)
    aName0x1C00                              0x0800dd80   Data          18  coeappl.o(.constdata)
    asEntryDesc0x1C3x                        0x0800dd92   Data         198  coeappl.o(.constdata)
    aName0x1C32                              0x0800de58   Data         256  coeappl.o(.constdata)
    aName0x1C33                              0x0800df58   Data         255  coeappl.o(.constdata)
    cBitMask                                 0x0800e058   Data          32  objdef.o(.constdata)
    cAbortCode                               0x0800e078   Data         120  sdoserv.o(.constdata)
    Region$$Table$$Base                      0x0800e0f0   Number         0  anon$$obj.o(Region$$Table)
    Region$$Table$$Limit                     0x0800e110   Number         0  anon$$obj.o(Region$$Table)
    SystemCoreClock                          0x20000000   Data           4  system_stm32f4xx.o(.data)
    AHBPrescTable                            0x20000004   Data          16  system_stm32f4xx.o(.data)
    adc1_1                                   0x20000014   Data           2  main.o(.data)
    adc1_2                                   0x20000016   Data           2  main.o(.data)
    adc2_1                                   0x20000018   Data           2  main.o(.data)
    adc2_2                                   0x2000001a   Data           2  main.o(.data)
    Adc_CH1                                  0x2000001c   Data           2  main.o(.data)
    Adc_CH2                                  0x2000001e   Data           2  main.o(.data)
    adc_value                                0x20000020   Data           8  main.o(.data)
    StartTask_Handler                        0x20000028   Data           4  main.o(.data)
    EtherCAT_Task_Handler                    0x2000002c   Data           4  main.o(.data)
    OLED_Task_Handler                        0x20000030   Data           4  main.o(.data)
    USART_Task_Handler                       0x20000034   Data           4  main.o(.data)
    EscALEvent                               0x20000038   Data           2  el9800hw.o(.data)
    __stdout                                 0x20000040   Data           4  usart.o(.data)
    USART_RX_STA                             0x20000044   Data           2  usart.o(.data)
    sDORxPDOMap                              0x20000048   Data          40  el9800appl.o(.data)
    TxPDO1802Subindex0                       0x20000070   Data           2  el9800appl.o(.data)
    sDITxPDOMap                              0x20000074   Data          40  el9800appl.o(.data)
    sAITxPDOMap                              0x2000009c   Data          12  el9800appl.o(.data)
    sRxPDOassign                             0x200000a8   Data           4  el9800appl.o(.data)
    sTxPDOassign                             0x200000ac   Data           6  el9800appl.o(.data)
    sDIInputs                                0x200000b2   Data           4  el9800appl.o(.data)
    sAIInputs                                0x200000b6   Data           8  el9800appl.o(.data)
    sDOOutputs                               0x200000be   Data           4  el9800appl.o(.data)
    sAISettings                              0x200000c4   Data          16  el9800appl.o(.data)
    sModulardeviceprofile                    0x200000d4   Data           6  el9800appl.o(.data)
    sModulelist                              0x200000dc   Data          16  el9800appl.o(.data)
    sEnum0800_Value00                        0x200000ec   Data          24  coeappl.o(.data)
    sEnum0800_Value01                        0x20000104   Data          26  coeappl.o(.data)
    apEnum0800                               0x20000120   Data           8  coeappl.o(.data)
    ApplicationObjDic                        0x20000128   Data         560  coeappl.o(.data)
    u32Devicetype                            0x20000358   Data           4  coeappl.o(.data)
    u16ErrorRegister                         0x2000035c   Data           2  coeappl.o(.data)
    acDevicename                             0x2000035e   Data          21  coeappl.o(.data)
    acHardwareversion                        0x20000373   Data           4  coeappl.o(.data)
    acSoftwareversion                        0x20000377   Data           5  coeappl.o(.data)
    sIdentity                                0x2000037c   Data          20  coeappl.o(.data)
    sSyncmanagertype                         0x20000390   Data           6  coeappl.o(.data)
    ObjDicList                               0x20000398   Data           4  coeappl.o(.data)
    GenObjDic                                0x2000039c   Data         440  coeappl.o(.data)
    bEcatWaitForInputUpdate                  0x20000554   Data           1  ecatappl.o(.data)
    bEtherCATRunLed                          0x20000555   Data           1  ecatappl.o(.data)
    bEtherCATErrorLed                        0x20000556   Data           1  ecatappl.o(.data)
    bRunApplication                          0x20000557   Data           1  ecatappl.o(.data)
    pAPPL_EEPROM_Read                        0x20000558   Data           4  ecatappl.o(.data)
    pAPPL_EEPROM_Write                       0x2000055c   Data           4  ecatappl.o(.data)
    pAPPL_EEPROM_Reload                      0x20000560   Data           4  ecatappl.o(.data)
    u16BusCycleCntMs                         0x20000564   Data           2  ecatappl.o(.data)
    StartTimerCnt                            0x20000568   Data           4  ecatappl.o(.data)
    bCycleTimeMeasurementStarted             0x2000056c   Data           1  ecatappl.o(.data)
    bInitFinished                            0x2000056d   Data           1  ecatappl.o(.data)
    pCoeSendStored                           0x20000570   Data           4  ecatcoe.o(.data)
    bEcatOutputUpdateRunning                 0x20000574   Data           1  ecatslv.o(.data)
    bEcatInputUpdateRunning                  0x20000575   Data           1  ecatslv.o(.data)
    bEcatFirstOutputsReceived                0x20000576   Data           1  ecatslv.o(.data)
    bWdTrigger                               0x20000577   Data           1  ecatslv.o(.data)
    bDcSyncActive                            0x20000578   Data           1  ecatslv.o(.data)
    EsmTimeoutCounter                        0x2000057a   Data           2  ecatslv.o(.data)
    bDcRunning                               0x2000057c   Data           1  ecatslv.o(.data)
    u16SmSync0Counter                        0x2000057e   Data           2  ecatslv.o(.data)
    u16SmSync0Value                          0x20000580   Data           2  ecatslv.o(.data)
    bSmSyncSequenceValid                     0x20000582   Data           1  ecatslv.o(.data)
    i16WaitForPllRunningTimeout              0x20000584   Data           2  ecatslv.o(.data)
    i16WaitForPllRunningCnt                  0x20000586   Data           2  ecatslv.o(.data)
    Sync0WdCounter                           0x20000588   Data           2  ecatslv.o(.data)
    Sync0WdValue                             0x2000058a   Data           2  ecatslv.o(.data)
    Sync1WdCounter                           0x2000058c   Data           2  ecatslv.o(.data)
    Sync1WdValue                             0x2000058e   Data           2  ecatslv.o(.data)
    LatchInputSync0Value                     0x20000590   Data           2  ecatslv.o(.data)
    LatchInputSync0Counter                   0x20000592   Data           2  ecatslv.o(.data)
    bEscIntEnabled                           0x20000594   Data           1  ecatslv.o(.data)
    b3BufferMode                             0x20000595   Data           1  ecatslv.o(.data)
    bLocalErrorFlag                          0x20000596   Data           1  ecatslv.o(.data)
    u16LocalErrorCode                        0x20000598   Data           2  ecatslv.o(.data)
    bApplEsmPending                          0x2000059a   Data           1  ecatslv.o(.data)
    bEcatWaitForAlControlRes                 0x2000059b   Data           1  ecatslv.o(.data)
    nEcatStateTrans                          0x2000059c   Data           2  ecatslv.o(.data)
    nPdInputSize                             0x2000059e   Data           2  ecatslv.o(.data)
    nPdOutputSize                            0x200005a0   Data           2  ecatslv.o(.data)
    nMaxSyncMan                              0x200005a2   Data           1  ecatslv.o(.data)
    nMaxEscAddress                           0x200005a4   Data           2  ecatslv.o(.data)
    nAlStatus                                0x200005a6   Data           1  ecatslv.o(.data)
    EcatWdValue                              0x200005a8   Data           2  ecatslv.o(.data)
    nEscAddrOutputData                       0x200005aa   Data           2  ecatslv.o(.data)
    nEscAddrInputData                        0x200005ac   Data           2  ecatslv.o(.data)
    u16ALEventMask                           0x200005ae   Data           2  ecatslv.o(.data)
    u16dummy                                 0x200005b0   Data           2  ecatslv.o(.data)
    SMActivate                               0x200005b2   Data           2  ecatslv.o(.data)
    SyncManInfo                              0x200005b4   Data           8  ecatslv.o(.data)
    EepromLoaded                             0x200005bc   Data           1  ecatslv.o(.data)
    bReceiveMbxIsLocked                      0x200005c0   Data           1  mailbox.o(.data)
    bSendMbxIsFull                           0x200005c1   Data           1  mailbox.o(.data)
    bMbxRunning                              0x200005c2   Data           1  mailbox.o(.data)
    bMbxRepeatToggle                         0x200005c3   Data           1  mailbox.o(.data)
    u16SendMbxSize                           0x200005c4   Data           2  mailbox.o(.data)
    u16ReceiveMbxSize                        0x200005c6   Data           2  mailbox.o(.data)
    u16EscAddrReceiveMbx                     0x200005c8   Data           2  mailbox.o(.data)
    u16EscAddrSendMbx                        0x200005ca   Data           2  mailbox.o(.data)
    u8MbxWriteCounter                        0x200005cc   Data           1  mailbox.o(.data)
    u8MbxReadCounter                         0x200005cd   Data           1  mailbox.o(.data)
    u8MailboxSendReqStored                   0x200005ce   Data           1  mailbox.o(.data)
    psWriteMbx                               0x200005d0   Data           4  mailbox.o(.data)
    psReadMbx                                0x200005d4   Data           4  mailbox.o(.data)
    psRepeatMbx                              0x200005d8   Data           4  mailbox.o(.data)
    psStoreMbx                               0x200005dc   Data           4  mailbox.o(.data)
    bNoMbxMemoryAvailable                    0x200005e0   Data           1  mailbox.o(.data)
    bSyncSetByUser                           0x200005e4   Data           1  objdef.o(.data)
    sCycleDiag                               0x200005e6   Data           2  objdef.o(.data)
    sErrorSettings                           0x200005e8   Data          12  objdef.o(.data)
    aSubindexDesc                            0x200005f4   Data          13  objdef.o(.data)
    u8PendingSdo                             0x20000604   Data           1  sdoserv.o(.data)
    bStoreCompleteAccess                     0x20000605   Data           1  sdoserv.o(.data)
    u8StoreSubindex                          0x20000606   Data           1  sdoserv.o(.data)
    u16StoreIndex                            0x20000608   Data           2  sdoserv.o(.data)
    u32StoreDataSize                         0x2000060c   Data           4  sdoserv.o(.data)
    pStoreData                               0x20000610   Data           4  sdoserv.o(.data)
    pSdoPendFunc                             0x20000614   Data           4  sdoserv.o(.data)
    pSdoSegData                              0x20000618   Data           4  sdoserv.o(.data)
    nSdoInfoFragmentsLeft                    0x2000061c   Data           2  sdoserv.o(.data)
    nSdoInfoIndex                            0x2000061e   Data           2  sdoserv.o(.data)
    pSdoInfoObjEntry                         0x20000620   Data           4  sdoserv.o(.data)
    pSdoResStored                            0x20000624   Data           4  sdoserv.o(.data)
    bSdoInWork                               0x20000628   Data           1  sdoserv.o(.data)
    nSdoSegService                           0x20000629   Data           1  sdoserv.o(.data)
    bSdoSegFollows                           0x2000062a   Data           1  sdoserv.o(.data)
    bSdoSegAccess                            0x2000062b   Data           1  sdoserv.o(.data)
    nSdoSegIndex                             0x2000062c   Data           2  sdoserv.o(.data)
    nSdoSegSubindex                          0x2000062e   Data           1  sdoserv.o(.data)
    nSdoSegBytesToHandle                     0x20000630   Data           4  sdoserv.o(.data)
    bSdoSegLastToggle                        0x20000634   Data           1  sdoserv.o(.data)
    nSdoSegCompleteSize                      0x20000638   Data           4  sdoserv.o(.data)
    pSdoSegObjEntry                          0x2000063c   Data           4  sdoserv.o(.data)
    pxCurrentTCB                             0x20000650   Data           4  tasks.o(.data)
    __microlib_freelist                      0x200006c4   Data           4  mvars.o(.data)
    __microlib_freelist_initialised          0x200006c8   Data           4  mvars.o(.data)
    OLED_GRAM                                0x200006cc   Data        1024  oled.o(.bss)
    USART_RX_BUF                             0x20000acc   Data         200  usart.o(.bss)
    aPdOutputData                            0x20000b94   Data          68  ecatappl.o(.bss)
    aPdInputData                             0x20000bd8   Data          68  ecatappl.o(.bss)
    asMbx                                    0x20000c1c   Data         512  mailbox.o(.bss)
    sMbxSendQueue                            0x20000e1c   Data          52  mailbox.o(.bss)
    sMbxReceiveQueue                         0x20000e50   Data          52  mailbox.o(.bss)
    sSyncManOutPar                           0x20000e84   Data          68  objdef.o(.bss)
    sSyncManInPar                            0x20000ec8   Data          68  objdef.o(.bss)
    aSdoInfoHeader                           0x20000f0c   Data          14  sdoserv.o(.bss)
    xQueueRegistry                           0x20000f1c   Data          64  queue.o(.bss)
    __heap_base                              0x20006268   Data           0  startup_stm32f40_41xxx.o(HEAP)
    __heap_limit                             0x20006e68   Data           0  startup_stm32f40_41xxx.o(HEAP)
    __initial_sp                             0x20007a68   Data           0  startup_stm32f40_41xxx.o(STACK)



==============================================================================

Memory Map of the image

  Image Entry point : 0x08000189

  Load Region LR_IROM1 (Base: 0x08000000, Size: 0x0000e7dc, Max: 0x00100000, ABSOLUTE, COMPRESSED[0x0000e380])

    Execution Region ER_IROM1 (Exec base: 0x08000000, Load base: 0x08000000, Size: 0x0000e110, Max: 0x00100000, ABSOLUTE)

    Exec Addr    Load Addr    Size         Type   Attr      Idx    E Section Name        Object

    0x08000000   0x08000000   0x00000188   Data   RO          136    RESET               startup_stm32f40_41xxx.o
    0x08000188   0x08000188   0x00000000   Code   RO         1689  * .ARM.Collect$$$$00000000  mc_w.l(entry.o)
    0x08000188   0x08000188   0x00000004   Code   RO         1991    .ARM.Collect$$$$00000001  mc_w.l(entry2.o)
    0x0800018c   0x0800018c   0x00000004   Code   RO         1994    .ARM.Collect$$$$00000004  mc_w.l(entry5.o)
    0x08000190   0x08000190   0x00000000   Code   RO         1996    .ARM.Collect$$$$00000008  mc_w.l(entry7b.o)
    0x08000190   0x08000190   0x00000000   Code   RO         1998    .ARM.Collect$$$$0000000A  mc_w.l(entry8b.o)
    0x08000190   0x08000190   0x00000008   Code   RO         1999    .ARM.Collect$$$$0000000B  mc_w.l(entry9a.o)
    0x08000198   0x08000198   0x00000004   Code   RO         2006    .ARM.Collect$$$$0000000E  mc_w.l(entry12b.o)
    0x0800019c   0x0800019c   0x00000000   Code   RO         2001    .ARM.Collect$$$$0000000F  mc_w.l(entry10a.o)
    0x0800019c   0x0800019c   0x00000000   Code   RO         2003    .ARM.Collect$$$$00000011  mc_w.l(entry11a.o)
    0x0800019c   0x0800019c   0x00000004   Code   RO         1992    .ARM.Collect$$$$00002712  mc_w.l(entry2.o)
    0x080001a0   0x080001a0   0x000000b6   Code   RO         1623    .emb_text           port.o
    0x08000256   0x08000256   0x00000002   PAD
    0x08000258   0x08000258   0x00000210   Code   RO            4    .text               system_stm32f4xx.o
    0x08000468   0x08000468   0x00000024   Code   RO          137    .text               startup_stm32f40_41xxx.o
    0x0800048c   0x0800048c   0x00000014   Code   RO          144    .text               stm32f4xx_it.o
    0x080004a0   0x080004a0   0x000002b8   Code   RO          197    .text               main.o
    0x08000758   0x08000758   0x00000370   Code   RO          324    .text               el9800hw.o
    0x08000ac8   0x08000ac8   0x00000074   Code   RO          369    .text               timer.o
    0x08000b3c   0x08000b3c   0x00000178   Code   RO          393    .text               exit.o
    0x08000cb4   0x08000cb4   0x00000040   Code   RO          417    .text               beep.o
    0x08000cf4   0x08000cf4   0x000000ec   Code   RO          441    .text               delay.o
    0x08000de0   0x08000de0   0x00000534   Code   RO          477    .text               oled.o
    0x08001314   0x08001314   0x000000b4   Code   RO          508    .text               dma.o
    0x080013c8   0x080013c8   0x00000148   Code   RO          532    .text               usart.o
    0x08001510   0x08001510   0x000005cc   Code   RO          573    .text               spi1.o
    0x08001adc   0x08001adc   0x00000164   Code   RO          603    .text               adc1.o
    0x08001c40   0x08001c40   0x0000041c   Code   RO          655    .text               el9800appl.o
    0x0800205c   0x0800205c   0x00000298   Code   RO          694    .text               coeappl.o
    0x080022f4   0x080022f4   0x00000440   Code   RO          729    .text               ecatappl.o
    0x08002734   0x08002734   0x000000a0   Code   RO          788    .text               ecatcoe.o
    0x080027d4   0x080027d4   0x00001728   Code   RO          841    .text               ecatslv.o
    0x08003efc   0x08003efc   0x000006e8   Code   RO          905    .text               mailbox.o
    0x080045e4   0x080045e4   0x00000e4c   Code   RO          941    .text               objdef.o
    0x08005430   0x08005430   0x00000d1c   Code   RO          974    .text               sdoserv.o
    0x0800614c   0x0800614c   0x000000e0   Code   RO         1011    .text               misc.o
    0x0800622c   0x0800622c   0x00000464   Code   RO         1113    .text               stm32f4xx_adc.o
    0x08006690   0x08006690   0x000003a8   Code   RO         1143    .text               stm32f4xx_dma.o
    0x08006a38   0x08006a38   0x00000110   Code   RO         1170    .text               stm32f4xx_exti.o
    0x08006b48   0x08006b48   0x00000294   Code   RO         1227    .text               stm32f4xx_gpio.o
    0x08006ddc   0x08006ddc   0x0000065c   Code   RO         1278    .text               stm32f4xx_rcc.o
    0x08007438   0x08007438   0x00000480   Code   RO         1307    .text               stm32f4xx_spi.o
    0x080078b8   0x080078b8   0x00000094   Code   RO         1334    .text               stm32f4xx_syscfg.o
    0x0800794c   0x0800794c   0x00000ca2   Code   RO         1358    .text               stm32f4xx_tim.o
    0x080085ee   0x080085ee   0x00000002   PAD
    0x080085f0   0x080085f0   0x00000454   Code   RO         1385    .text               stm32f4xx_usart.o
    0x08008a44   0x08008a44   0x00000094   Code   RO         1499    .text               list.o
    0x08008ad8   0x08008ad8   0x00000d0c   Code   RO         1523    .text               queue.o
    0x080097e4   0x080097e4   0x00001820   Code   RO         1553    .text               tasks.o
    0x0800b004   0x0800b004   0x00000640   Code   RO         1596    .text               timers.o
    0x0800b644   0x0800b644   0x000002f4   Code   RO         1624    .text               port.o
    0x0800b938   0x0800b938   0x000002a0   Code   RO         1665    .text               heap_4.o
    0x0800bbd8   0x0800bbd8   0x00000024   Code   RO         1692    .text               mc_w.l(memcpya.o)
    0x0800bbfc   0x0800bbfc   0x00000024   Code   RO         1694    .text               mc_w.l(memseta.o)
    0x0800bc20   0x0800bc20   0x0000000e   Code   RO         1696    .text               mc_w.l(strlen.o)
    0x0800bc2e   0x0800bc2e   0x00000012   Code   RO         1698    .text               mc_w.l(strcpy.o)
    0x0800bc40   0x0800bc40   0x0000002c   Code   RO         2007    .text               mc_w.l(uidiv.o)
    0x0800bc6c   0x0800bc6c   0x00000024   Code   RO         2024    .text               mc_w.l(init.o)
    0x0800bc90   0x0800bc90   0x00000056   Code   RO         2042    .text               mc_w.l(__dczerorl2.o)
    0x0800bce6   0x0800bce6   0x00000002   PAD
    0x0800bce8   0x0800bce8   0x00000020   Code   RO         1791    i.__0printf$3       mc_w.l(printf3.o)
    0x0800bd08   0x0800bd08   0x00000028   Code   RO         1793    i.__0sprintf$3      mc_w.l(printf3.o)
    0x0800bd30   0x0800bd30   0x0000000e   Code   RO         2036    i.__scatterload_copy  mc_w.l(handlers.o)
    0x0800bd3e   0x0800bd3e   0x00000002   Code   RO         2037    i.__scatterload_null  mc_w.l(handlers.o)
    0x0800bd40   0x0800bd40   0x0000000e   Code   RO         2038    i.__scatterload_zeroinit  mc_w.l(handlers.o)
    0x0800bd4e   0x0800bd4e   0x00000002   PAD
    0x0800bd50   0x0800bd50   0x000001b8   Code   RO         1798    i._printf_core      mc_w.l(printf3.o)
    0x0800bf08   0x0800bf08   0x0000000a   Code   RO         1800    i._sputc            mc_w.l(printf3.o)
    0x0800bf12   0x0800bf12   0x00000002   PAD
    0x0800bf14   0x0800bf14   0x00000050   Code   RO         1963    i.free              mc_w.l(malloc.o)
    0x0800bf64   0x0800bf64   0x0000006c   Code   RO         1964    i.malloc            mc_w.l(malloc.o)
    0x0800bfd0   0x0800bfd0   0x000017c0   Data   RO          479    .constdata          oled.o
    0x0800d790   0x0800d790   0x000008c7   Data   RO          695    .constdata          coeappl.o
    0x0800e057   0x0800e057   0x00000001   PAD
    0x0800e058   0x0800e058   0x00000020   Data   RO          943    .constdata          objdef.o
    0x0800e078   0x0800e078   0x00000078   Data   RO          976    .constdata          sdoserv.o
    0x0800e0f0   0x0800e0f0   0x00000020   Data   RO         2034    Region$$Table       anon$$obj.o


    Execution Region RW_IRAM1 (Exec base: 0x20000000, Load base: 0x0800e110, Size: 0x00007a68, Max: 0x00020000, ABSOLUTE, COMPRESSED[0x00000270])

    Exec Addr    Load Addr    Size         Type   Attr      Idx    E Section Name        Object

    0x20000000   COMPRESSED   0x00000014   Data   RW            5    .data               system_stm32f4xx.o
    0x20000014   COMPRESSED   0x00000024   Data   RW          198    .data               main.o
    0x20000038   COMPRESSED   0x00000002   Data   RW          325    .data               el9800hw.o
    0x2000003a   COMPRESSED   0x00000004   Data   RW          442    .data               delay.o
    0x2000003e   COMPRESSED   0x00000002   PAD
    0x20000040   COMPRESSED   0x00000006   Data   RW          534    .data               usart.o
    0x20000046   COMPRESSED   0x00000002   PAD
    0x20000048   COMPRESSED   0x000000a4   Data   RW          656    .data               el9800appl.o
    0x200000ec   COMPRESSED   0x00000468   Data   RW          696    .data               coeappl.o
    0x20000554   COMPRESSED   0x0000001a   Data   RW          731    .data               ecatappl.o
    0x2000056e   COMPRESSED   0x00000002   PAD
    0x20000570   COMPRESSED   0x00000004   Data   RW          789    .data               ecatcoe.o
    0x20000574   COMPRESSED   0x00000049   Data   RW          842    .data               ecatslv.o
    0x200005bd   COMPRESSED   0x00000003   PAD
    0x200005c0   COMPRESSED   0x00000021   Data   RW          907    .data               mailbox.o
    0x200005e1   COMPRESSED   0x00000003   PAD
    0x200005e4   COMPRESSED   0x0000001d   Data   RW          944    .data               objdef.o
    0x20000601   COMPRESSED   0x00000003   PAD
    0x20000604   COMPRESSED   0x0000003c   Data   RW          977    .data               sdoserv.o
    0x20000640   COMPRESSED   0x00000010   Data   RW         1279    .data               stm32f4xx_rcc.o
    0x20000650   COMPRESSED   0x0000003c   Data   RW         1555    .data               tasks.o
    0x2000068c   COMPRESSED   0x00000014   Data   RW         1598    .data               timers.o
    0x200006a0   COMPRESSED   0x0000000c   Data   RW         1625    .data               port.o
    0x200006ac   COMPRESSED   0x00000018   Data   RW         1667    .data               heap_4.o
    0x200006c4   COMPRESSED   0x00000004   Data   RW         2011    .data               mc_w.l(mvars.o)
    0x200006c8   COMPRESSED   0x00000004   Data   RW         2012    .data               mc_w.l(mvars.o)
    0x200006cc        -       0x00000400   Zero   RW          478    .bss                oled.o
    0x20000acc        -       0x000000c8   Zero   RW          533    .bss                usart.o
    0x20000b94        -       0x00000088   Zero   RW          730    .bss                ecatappl.o
    0x20000c1c        -       0x00000268   Zero   RW          906    .bss                mailbox.o
    0x20000e84        -       0x00000088   Zero   RW          942    .bss                objdef.o
    0x20000f0c        -       0x0000000e   Zero   RW          975    .bss                sdoserv.o
    0x20000f1a   COMPRESSED   0x00000002   PAD
    0x20000f1c        -       0x00000040   Zero   RW         1524    .bss                queue.o
    0x20000f5c        -       0x000002e4   Zero   RW         1554    .bss                tasks.o
    0x20001240        -       0x00000028   Zero   RW         1597    .bss                timers.o
    0x20001268        -       0x00005000   Zero   RW         1666    .bss                heap_4.o
    0x20006268        -       0x00000c00   Zero   RW          135    HEAP                startup_stm32f40_41xxx.o
    0x20006e68        -       0x00000c00   Zero   RW          134    STACK               startup_stm32f40_41xxx.o


==============================================================================

Image component sizes


      Code (inc. data)   RO Data    RW Data    ZI Data      Debug   Object Name

       356         20          0          0          0       1303   adc1.o
        64          4          0          0          0        596   beep.o
       664         62       2247       1128          0       9355   coeappl.o
         0          0          0          0          0       7708   croutine.o
       236         10          0          4          0       1805   delay.o
       180          4          0          0          0       1508   dma.o
      1088        120          0         26        136       5191   ecatappl.o
       160         22          0          4          0       5148   ecatcoe.o
      5928        562          0         73          0      12354   ecatslv.o
      1052         58          0        164          0       7006   el9800appl.o
       880         26          0          2          0      32936   el9800hw.o
         0          0          0          0          0      10604   event_groups.o
       376          6          0          0          0       1402   exit.o
       672         82          0         24      20480       3668   heap_4.o
       148          0          0          0          0       2126   list.o
      1768        144          0         33        616       8275   mailbox.o
       696        210          0         36          0      31658   main.o
       224         20          0          0          0      19465   misc.o
      3660        124         32         29        136      14233   objdef.o
      1332         38       6080          0       1024       5583   oled.o
       938        112          0         12          0       8647   port.o
      3340         52          0          0         64      19298   queue.o
      3356        244        120         60         14      21237   sdoserv.o
      1484         16          0          0          0       7925   spi1.o
        36          8        392          0       6144       1012   startup_stm32f40_41xxx.o
      1124         24          0          0          0      25090   stm32f4xx_adc.o
       936         32          0          0          0      19509   stm32f4xx_dma.o
       272         10          0          0          0       5255   stm32f4xx_exti.o
       660         44          0          0          0      11749   stm32f4xx_gpio.o
        20          0          0          0          0       1027   stm32f4xx_it.o
      1628         52          0         16          0      29028   stm32f4xx_rcc.o
      1152         36          0          0          0      15633   stm32f4xx_spi.o
       148         12          0          0          0       1989   stm32f4xx_syscfg.o
      3234         60          0          0          0      43284   stm32f4xx_tim.o
      1108         34          0          0          0      14404   stm32f4xx_usart.o
       528         46          0         20          0     308399   system_stm32f4xx.o
      6176        402          0         60        740      32680   tasks.o
       116          0          0          0          0        720   timer.o
      1600        112          0         20         40       9136   timers.o
       328         16          0          6        200       3598   usart.o

    ----------------------------------------------------------------------
     47672       2824       8904       1732      29596     761544   Object Totals
         0          0         32          0          0          0   (incl. Generated)
         4          0          1         15          2          0   (incl. Padding)

    ----------------------------------------------------------------------

      Code (inc. data)   RO Data    RW Data    ZI Data      Debug   Library Member Name

        86          0          0          0          0          0   __dczerorl2.o
         0          0          0          0          0          0   entry.o
         0          0          0          0          0          0   entry10a.o
         0          0          0          0          0          0   entry11a.o
         4          0          0          0          0          0   entry12b.o
         8          4          0          0          0          0   entry2.o
         4          0          0          0          0          0   entry5.o
         0          0          0          0          0          0   entry7b.o
         0          0          0          0          0          0   entry8b.o
         8          4          0          0          0          0   entry9a.o
        30          0          0          0          0          0   handlers.o
        36          8          0          0          0         68   init.o
       188         20          0          0          0        160   malloc.o
        36          0          0          0          0         68   memcpya.o
        36          0          0          0          0        108   memseta.o
         0          0          0          8          0          0   mvars.o
       522         20          0          0          0        336   printf3.o
        18          0          0          0          0         68   strcpy.o
        14          0          0          0          0         68   strlen.o
        44          0          0          0          0         80   uidiv.o

    ----------------------------------------------------------------------
      1040         56          0          8          0        956   Library Totals
         6          0          0          0          0          0   (incl. Padding)

    ----------------------------------------------------------------------

      Code (inc. data)   RO Data    RW Data    ZI Data      Debug   Library Name

      1034         56          0          8          0        956   mc_w.l

    ----------------------------------------------------------------------
      1040         56          0          8          0        956   Library Totals

    ----------------------------------------------------------------------

==============================================================================


      Code (inc. data)   RO Data    RW Data    ZI Data      Debug   

     48712       2880       8904       1740      29596     753268   Grand Totals
     48712       2880       8904        624      29596     753268   ELF Image Totals (compressed)
     48712       2880       8904        624          0          0   ROM Totals

==============================================================================

    Total RO  Size (Code + RO Data)                57616 (  56.27kB)
    Total RW  Size (RW Data + ZI Data)             31336 (  30.60kB)
    Total ROM Size (Code + RO Data + RW Data)      58240 (  56.88kB)

==============================================================================

